Archive member included to satisfy reference by file (symbol)

d:/logiciels/qmk_msys/mingw64/bin/../lib/gcc/avr/8.4.0/avr5\libgcc.a(_divmodhi4.o)
                              .build/obj_alpha_dre_via/quantum/mousekey.o (__divmodhi4)
d:/logiciels/qmk_msys/mingw64/bin/../lib/gcc/avr/8.4.0/avr5\libgcc.a(_exit.o)
                              d:/logiciels/qmk_msys/mingw64/bin/../lib/gcc/avr/8.4.0/../../../../avr/lib/avr5/crtatmega32u4.o (exit)
d:/logiciels/qmk_msys/mingw64/bin/../lib/gcc/avr/8.4.0/avr5\libgcc.a(_tablejump2.o)
                              .build/obj_alpha_dre_via/common/action.o (__tablejump2__)
d:/logiciels/qmk_msys/mingw64/bin/../lib/gcc/avr/8.4.0/avr5\libgcc.a(_copy_data.o)
                              .build/obj_alpha_dre_via/quantum/keymap_common.o (__do_copy_data)
d:/logiciels/qmk_msys/mingw64/bin/../lib/gcc/avr/8.4.0/avr5\libgcc.a(_clear_bss.o)
                              .build/obj_alpha_dre_via/quantum/matrix_common.o (__do_clear_bss)
d:/logiciels/qmk_msys/mingw64/bin/../lib/gcc/avr/8.4.0/avr5\libgcc.a(_bswapsi2.o)
                              .build/obj_alpha_dre_via/quantum/via.o (__bswapsi2)
d:/logiciels/qmk_msys/mingw64/bin/../lib/gcc/avr/8.4.0/avr5\libgcc.a(_udivmodhi4.o)
                              d:/logiciels/qmk_msys/mingw64/bin/../lib/gcc/avr/8.4.0/avr5\libgcc.a(_divmodhi4.o) (__udivmodhi4)
d:/logiciels/qmk_msys/mingw64/bin/../lib/gcc/avr/8.4.0/../../../../avr/lib/avr5\libc.a(memcpy_P.o)
                              .build/obj_alpha_dre_via/quantum/vial.o (memcpy_P)
d:/logiciels/qmk_msys/mingw64/bin/../lib/gcc/avr/8.4.0/../../../../avr/lib/avr5\libc.a(memset.o)
                              .build/obj_alpha_dre_via/quantum/vial.o (memset)
d:/logiciels/qmk_msys/mingw64/bin/../lib/gcc/avr/8.4.0/../../../../avr/lib/avr5\libatmega32u4.a(eerd_byte.o)
                              .build/obj_alpha_dre_via/quantum/via.o (eeprom_read_byte)
d:/logiciels/qmk_msys/mingw64/bin/../lib/gcc/avr/8.4.0/../../../../avr/lib/avr5\libatmega32u4.a(eerd_dword.o)
                              .build/obj_alpha_dre_via/common/eeconfig.o (eeprom_read_dword)
d:/logiciels/qmk_msys/mingw64/bin/../lib/gcc/avr/8.4.0/../../../../avr/lib/avr5\libatmega32u4.a(eerd_word.o)
                              .build/obj_alpha_dre_via/common/eeconfig.o (eeprom_read_word)
d:/logiciels/qmk_msys/mingw64/bin/../lib/gcc/avr/8.4.0/../../../../avr/lib/avr5\libatmega32u4.a(eeupd_byte.o)
                              .build/obj_alpha_dre_via/quantum/via.o (eeprom_update_byte)
d:/logiciels/qmk_msys/mingw64/bin/../lib/gcc/avr/8.4.0/../../../../avr/lib/avr5\libatmega32u4.a(eeupd_dword.o)
                              .build/obj_alpha_dre_via/common/eeconfig.o (eeprom_update_dword)
d:/logiciels/qmk_msys/mingw64/bin/../lib/gcc/avr/8.4.0/../../../../avr/lib/avr5\libatmega32u4.a(eeupd_word.o)
                              .build/obj_alpha_dre_via/common/eeconfig.o (eeprom_update_word)
d:/logiciels/qmk_msys/mingw64/bin/../lib/gcc/avr/8.4.0/../../../../avr/lib/avr5\libatmega32u4.a(eerd_block.o)
                              d:/logiciels/qmk_msys/mingw64/bin/../lib/gcc/avr/8.4.0/../../../../avr/lib/avr5\libatmega32u4.a(eerd_dword.o) (eeprom_read_blraw)

Allocating common symbols
Common symbol       size              file

USB_IsInitialized   0x1               .build/obj_alpha_dre_via/lib/lufa/LUFA/Drivers/USB/Core/USBTask.o
keymap_config       0x2               .build/obj_alpha_dre_via/common/magic.o
USB_DeviceState     0x1               .build/obj_alpha_dre_via/lib/lufa/LUFA/Drivers/USB/Core/USBTask.o
USB_Device_ConfigurationNumber
                    0x1               .build/obj_alpha_dre_via/lib/lufa/LUFA/Drivers/USB/Core/DeviceStandardReq.o
raw_matrix          0x8               .build/obj_alpha_dre_via/quantum/matrix_common.o
USB_Device_CurrentlySelfPowered
                    0x1               .build/obj_alpha_dre_via/lib/lufa/LUFA/Drivers/USB/Core/DeviceStandardReq.o
matrix              0x8               .build/obj_alpha_dre_via/quantum/matrix_common.o
USB_ControlRequest  0x8               .build/obj_alpha_dre_via/lib/lufa/LUFA/Drivers/USB/Core/USBTask.o
tp_buttons          0x2               .build/obj_alpha_dre_via/common/action.o
USB_Device_RemoteWakeupEnabled
                    0x1               .build/obj_alpha_dre_via/lib/lufa/LUFA/Drivers/USB/Core/DeviceStandardReq.o
timer_count         0x4               .build/obj_alpha_dre_via/common/avr/timer.o

Discarded input sections

 .data          0x0000000000000000        0x0 d:/logiciels/qmk_msys/mingw64/bin/../lib/gcc/avr/8.4.0/../../../../avr/lib/avr5/crtatmega32u4.o
 .bss           0x0000000000000000        0x0 d:/logiciels/qmk_msys/mingw64/bin/../lib/gcc/avr/8.4.0/../../../../avr/lib/avr5/crtatmega32u4.o
 .text          0x0000000000000000        0x0 .build/obj_alpha_dre_via/keyboards/alpha_dre/alpha_dre.o
 .data          0x0000000000000000        0x0 .build/obj_alpha_dre_via/keyboards/alpha_dre/alpha_dre.o
[...]
Memory Configuration

Name             Origin             Length             Attributes
text             0x0000000000000000 0x0000000000020000 xr
data             0x0000000000800060 0x000000000000ffa0 rw !x
eeprom           0x0000000000810000 0x0000000000010000 rw !x
fuse             0x0000000000820000 0x0000000000000400 rw !x
lock             0x0000000000830000 0x0000000000000400 rw !x
signature        0x0000000000840000 0x0000000000000400 rw !x
user_signatures  0x0000000000850000 0x0000000000000400 rw !x
*default*        0x0000000000000000 0xffffffffffffffff

Linker script and memory map

Address of section .data set to 0x800100
LOAD d:/logiciels/qmk_msys/mingw64/bin/../lib/gcc/avr/8.4.0/../../../../avr/lib/avr5/crtatmega32u4.o
LOAD .build/obj_alpha_dre_via/keyboards/alpha_dre/alpha_dre.o
LOAD .build/obj_alpha_dre_via/keyboards/alpha_dre/keymaps/via/keymap.o
LOAD .build/obj_alpha_dre_via/quantum/quantum.o
LOAD .build/obj_alpha_dre_via/quantum/send_string.o
LOAD .build/obj_alpha_dre_via/quantum/bitwise.o
LOAD .build/obj_alpha_dre_via/quantum/led.o
LOAD .build/obj_alpha_dre_via/quantum/keymap_common.o
LOAD .build/obj_alpha_dre_via/quantum/keycode_config.o
LOAD .build/obj_alpha_dre_via/quantum/matrix_common.o
LOAD .build/obj_alpha_dre_via/quantum/matrix.o
LOAD .build/obj_alpha_dre_via/quantum/debounce/sym_defer_g.o
LOAD .build/obj_alpha_dre_via/quantum/mousekey.o
LOAD .build/obj_alpha_dre_via/quantum/via.o
LOAD .build/obj_alpha_dre_via/quantum/vial.o
LOAD .build/obj_alpha_dre_via/quantum/dynamic_keymap.o
LOAD .build/obj_alpha_dre_via/quantum/process_keycode/process_space_cadet.o
LOAD .build/obj_alpha_dre_via/quantum/process_keycode/process_magic.o
LOAD .build/obj_alpha_dre_via/quantum/process_keycode/process_grave_esc.o
LOAD .build/obj_alpha_dre_via/common/host.o
LOAD .build/obj_alpha_dre_via/common/keyboard.o
LOAD .build/obj_alpha_dre_via/common/action.o
LOAD .build/obj_alpha_dre_via/common/action_tapping.o
LOAD .build/obj_alpha_dre_via/common/action_macro.o
LOAD .build/obj_alpha_dre_via/common/action_layer.o
LOAD .build/obj_alpha_dre_via/common/action_util.o
LOAD .build/obj_alpha_dre_via/common/debug.o
LOAD .build/obj_alpha_dre_via/common/sendchar_null.o
LOAD .build/obj_alpha_dre_via/common/eeconfig.o
LOAD .build/obj_alpha_dre_via/common/report.o
LOAD .build/obj_alpha_dre_via/common/avr/suspend.o
LOAD .build/obj_alpha_dre_via/common/avr/timer.o
LOAD .build/obj_alpha_dre_via/common/sync_timer.o
LOAD .build/obj_alpha_dre_via/common/avr/bootloader.o
LOAD .build/obj_alpha_dre_via/common/avr/xprintf.o
LOAD .build/obj_alpha_dre_via/common/avr/printf.o
LOAD .build/obj_alpha_dre_via/common/bootmagic_lite.o
LOAD .build/obj_alpha_dre_via/common/magic.o
LOAD .build/obj_alpha_dre_via/lufa.o
LOAD .build/obj_alpha_dre_via/usb_descriptor.o
LOAD .build/obj_alpha_dre_via/lib/lufa/LUFA/Drivers/USB/Class/Common/HIDParser.o
LOAD .build/obj_alpha_dre_via/lib/lufa/LUFA/Drivers/USB/Core/AVR8/Device_AVR8.o
LOAD .build/obj_alpha_dre_via/lib/lufa/LUFA/Drivers/USB/Core/AVR8/EndpointStream_AVR8.o
LOAD .build/obj_alpha_dre_via/lib/lufa/LUFA/Drivers/USB/Core/AVR8/Endpoint_AVR8.o
LOAD .build/obj_alpha_dre_via/lib/lufa/LUFA/Drivers/USB/Core/AVR8/Host_AVR8.o
LOAD .build/obj_alpha_dre_via/lib/lufa/LUFA/Drivers/USB/Core/AVR8/PipeStream_AVR8.o
LOAD .build/obj_alpha_dre_via/lib/lufa/LUFA/Drivers/USB/Core/AVR8/Pipe_AVR8.o
LOAD .build/obj_alpha_dre_via/lib/lufa/LUFA/Drivers/USB/Core/AVR8/USBController_AVR8.o
LOAD .build/obj_alpha_dre_via/lib/lufa/LUFA/Drivers/USB/Core/AVR8/USBInterrupt_AVR8.o
LOAD .build/obj_alpha_dre_via/lib/lufa/LUFA/Drivers/USB/Core/ConfigDescriptors.o
LOAD .build/obj_alpha_dre_via/lib/lufa/LUFA/Drivers/USB/Core/DeviceStandardReq.o
LOAD .build/obj_alpha_dre_via/lib/lufa/LUFA/Drivers/USB/Core/Events.o
LOAD .build/obj_alpha_dre_via/lib/lufa/LUFA/Drivers/USB/Core/HostStandardReq.o
LOAD .build/obj_alpha_dre_via/lib/lufa/LUFA/Drivers/USB/Core/USBTask.o
LOAD d:/logiciels/qmk_msys/mingw64/bin/../lib/gcc/avr/8.4.0/../../../../avr/lib/avr5\libm.a
START GROUP
LOAD d:/logiciels/qmk_msys/mingw64/bin/../lib/gcc/avr/8.4.0/avr5\libgcc.a
LOAD d:/logiciels/qmk_msys/mingw64/bin/../lib/gcc/avr/8.4.0/../../../../avr/lib/avr5\libm.a
LOAD d:/logiciels/qmk_msys/mingw64/bin/../lib/gcc/avr/8.4.0/../../../../avr/lib/avr5\libc.a
LOAD d:/logiciels/qmk_msys/mingw64/bin/../lib/gcc/avr/8.4.0/../../../../avr/lib/avr5\libatmega32u4.a
END GROUP
                0x0000000000020000                __TEXT_REGION_LENGTH__ = DEFINED (__TEXT_REGION_LENGTH__)?__TEXT_REGION_LENGTH__:0x20000
                0x000000000000ffa0                __DATA_REGION_LENGTH__ = DEFINED (__DATA_REGION_LENGTH__)?__DATA_REGION_LENGTH__:0xffa0
                0x0000000000010000                __EEPROM_REGION_LENGTH__ = DEFINED (__EEPROM_REGION_LENGTH__)?__EEPROM_REGION_LENGTH__:0x10000
                0x0000000000000400                __FUSE_REGION_LENGTH__ = DEFINED (__FUSE_REGION_LENGTH__)?__FUSE_REGION_LENGTH__:0x400
                0x0000000000000400                __LOCK_REGION_LENGTH__ = DEFINED (__LOCK_REGION_LENGTH__)?__LOCK_REGION_LENGTH__:0x400
                0x0000000000000400                __SIGNATURE_REGION_LENGTH__ = DEFINED (__SIGNATURE_REGION_LENGTH__)?__SIGNATURE_REGION_LENGTH__:0x400
                0x0000000000000400                __USER_SIGNATURE_REGION_LENGTH__ = DEFINED (__USER_SIGNATURE_REGION_LENGTH__)?__USER_SIGNATURE_REGION_LENGTH__:0x400

.hash
 *(.hash)

.dynsym
 *(.dynsym)

.dynstr
 *(.dynstr)

.gnu.version
 *(.gnu.version)

.gnu.version_d
 *(.gnu.version_d)

.gnu.version_r
 *(.gnu.version_r)

.rel.init
 *(.rel.init)

.rela.init
 *(.rela.init)

.rel.text
 *(.rel.text)
 *(.rel.text.*)
 *(.rel.gnu.linkonce.t*)

.rela.text
 *(.rela.text)
 *(.rela.text.*)
 *(.rela.gnu.linkonce.t*)

.rel.fini
 *(.rel.fini)

.rela.fini
 *(.rela.fini)

.rel.rodata
 *(.rel.rodata)
 *(.rel.rodata.*)
 *(.rel.gnu.linkonce.r*)

.rela.rodata
 *(.rela.rodata)
 *(.rela.rodata.*)
 *(.rela.gnu.linkonce.r*)

.rel.data
 *(.rel.data)
 *(.rel.data.*)
 *(.rel.gnu.linkonce.d*)

.rela.data
 *(.rela.data)
 *(.rela.data.*)
 *(.rela.gnu.linkonce.d*)

.rel.ctors
 *(.rel.ctors)

.rela.ctors
 *(.rela.ctors)

.rel.dtors
 *(.rel.dtors)

.rela.dtors
 *(.rela.dtors)

.rel.got
 *(.rel.got)

.rela.got
 *(.rela.got)

.rel.bss
 *(.rel.bss)

.rela.bss
 *(.rela.bss)

.rel.plt
 *(.rel.plt)

.rela.plt
 *(.rela.plt)

.text           0x0000000000000000     0x4ebc
 *(.vectors)
 .vectors       0x0000000000000000       0xac d:/logiciels/qmk_msys/mingw64/bin/../lib/gcc/avr/8.4.0/../../../../avr/lib/avr5/crtatmega32u4.o
                0x0000000000000000                __vector_default
                0x0000000000000000                __vectors
 *(.vectors)
 *(.progmem.gcc*)
                0x00000000000000ac                . = ALIGN (0x2)
                0x00000000000000ac                __trampolines_start = .
 *(.trampolines)
 .trampolines   0x00000000000000ac        0x0 linker stubs
 *(.trampolines*)
                0x00000000000000ac                __trampolines_end = .
 *libprintf_flt.a:*(.progmem.data)
 *libc.a:*(.progmem.data)
 *(.progmem.*)
 .progmem.data.keymaps
                0x00000000000000ac      0x120 .build/obj_alpha_dre_via/keyboards/alpha_dre/keymaps/via/keymap.o
                0x00000000000000ac                keymaps
 .progmem.data.ascii_to_keycode_lut
                0x00000000000001cc       0x80 .build/obj_alpha_dre_via/quantum/send_string.o
                0x00000000000001cc                ascii_to_keycode_lut
 .progmem.data.ascii_to_dead_lut
                0x000000000000024c       0x10 .build/obj_alpha_dre_via/quantum/send_string.o
                0x000000000000024c                ascii_to_dead_lut
 .progmem.data.ascii_to_altgr_lut
                0x000000000000025c       0x10 .build/obj_alpha_dre_via/quantum/send_string.o
                0x000000000000025c                ascii_to_altgr_lut
 .progmem.data.ascii_to_shift_lut
                0x000000000000026c       0x10 .build/obj_alpha_dre_via/quantum/send_string.o
                0x000000000000026c                ascii_to_shift_lut
 .progmem.data.fn_actions
                0x000000000000027c        0x0 .build/obj_alpha_dre_via/quantum/keymap_common.o
                0x000000000000027c                fn_actions
 .progmem.data.keyboard_definition
                0x000000000000027c      0x168 .build/obj_alpha_dre_via/quantum/vial.o
 .progmem.data.SerialNumberString
                0x00000000000003e4       0x1e .build/obj_alpha_dre_via/usb_descriptor.o
                0x00000000000003e4                SerialNumberString
 .progmem.data.ProductString
                0x0000000000000402       0x16 .build/obj_alpha_dre_via/usb_descriptor.o
                0x0000000000000402                ProductString
 .progmem.data.ManufacturerString
                0x0000000000000418        0xe .build/obj_alpha_dre_via/usb_descriptor.o
                0x0000000000000418                ManufacturerString
 .progmem.data.LanguageString
                0x0000000000000426        0x4 .build/obj_alpha_dre_via/usb_descriptor.o
                0x0000000000000426                LanguageString
 .progmem.data.ConfigurationDescriptor
                0x000000000000042a       0x5b .build/obj_alpha_dre_via/usb_descriptor.o
                0x000000000000042a                ConfigurationDescriptor
 .progmem.data.DeviceDescriptor
                0x0000000000000485       0x12 .build/obj_alpha_dre_via/usb_descriptor.o
                0x0000000000000485                DeviceDescriptor
 .progmem.data.RawReport
                0x0000000000000497       0x22 .build/obj_alpha_dre_via/usb_descriptor.o
                0x0000000000000497                RawReport
 .progmem.data.SharedReport
                0x00000000000004b9       0xbc .build/obj_alpha_dre_via/usb_descriptor.o
                0x00000000000004b9                SharedReport
 .progmem.data.KeyboardReport
                0x0000000000000575       0x40 .build/obj_alpha_dre_via/usb_descriptor.o
                0x0000000000000575                KeyboardReport
                0x00000000000005b6                . = ALIGN (0x2)
 *fill*         0x00000000000005b5        0x1 
 *(.lowtext)
 *(.lowtext*)
                0x00000000000005b6                __ctors_start = .
 *(.ctors)
                0x00000000000005b6                __ctors_end = .
                0x00000000000005b6                __dtors_start = .
 *(.dtors)
                0x00000000000005b6                __dtors_end = .
 SORT_BY_NAME(*)(.ctors)
 SORT_BY_NAME(*)(.dtors)
 *(.init0)
 .init0         0x00000000000005b6        0x0 d:/logiciels/qmk_msys/mingw64/bin/../lib/gcc/avr/8.4.0/../../../../avr/lib/avr5/crtatmega32u4.o
                0x00000000000005b6                __init
 *(.init0)
 *(.init1)
 *(.init1)
 *(.init2)
 .init2         0x00000000000005b6        0xc d:/logiciels/qmk_msys/mingw64/bin/../lib/gcc/avr/8.4.0/../../../../avr/lib/avr5/crtatmega32u4.o
 *(.init2)
 *(.init3)
 .init3         0x00000000000005c2       0x54 .build/obj_alpha_dre_via/common/avr/bootloader.o
                0x00000000000005c2                bootloader_jump_after_watchdog_reset
 *(.init3)
 *(.init4)
 .init4         0x0000000000000616       0x16 d:/logiciels/qmk_msys/mingw64/bin/../lib/gcc/avr/8.4.0/avr5\libgcc.a(_copy_data.o)
                0x0000000000000616                __do_copy_data
 .init4         0x000000000000062c       0x10 d:/logiciels/qmk_msys/mingw64/bin/../lib/gcc/avr/8.4.0/avr5\libgcc.a(_clear_bss.o)
                0x000000000000062c                __do_clear_bss
 *(.init4)
 *(.init5)
 *(.init5)
 *(.init6)
 *(.init6)
 *(.init7)
 *(.init7)
 *(.init8)
 *(.init8)
 *(.init9)
 .init9         0x000000000000063c        0x8 d:/logiciels/qmk_msys/mingw64/bin/../lib/gcc/avr/8.4.0/../../../../avr/lib/avr5/crtatmega32u4.o
 *(.init9)
 *(.text)
 .text          0x0000000000000644        0x4 d:/logiciels/qmk_msys/mingw64/bin/../lib/gcc/avr/8.4.0/../../../../avr/lib/avr5/crtatmega32u4.o
                0x0000000000000644                __vector_38
                0x0000000000000644                __vector_22
                0x0000000000000644                __vector_28
                0x0000000000000644                __vector_1
                0x0000000000000644                __vector_32
                0x0000000000000644                __vector_34
                0x0000000000000644                __vector_24
                0x0000000000000644                __bad_interrupt
                0x0000000000000644                __vector_6
                0x0000000000000644                __vector_31
                0x0000000000000644                __vector_35
                0x0000000000000644                __vector_39
                0x0000000000000644                __vector_3
                0x0000000000000644                __vector_23
                0x0000000000000644                __vector_30
                0x0000000000000644                __vector_25
                0x0000000000000644                __vector_13
                0x0000000000000644                __vector_17
                0x0000000000000644                __vector_19
                0x0000000000000644                __vector_7
                0x0000000000000644                __vector_41
                0x0000000000000644                __vector_27
                0x0000000000000644                __vector_5
                0x0000000000000644                __vector_33
                0x0000000000000644                __vector_37
                0x0000000000000644                __vector_4
                0x0000000000000644                __vector_9
                0x0000000000000644                __vector_2
                0x0000000000000644                __vector_15
                0x0000000000000644                __vector_36
                0x0000000000000644                __vector_29
                0x0000000000000644                __vector_40
                0x0000000000000644                __vector_8
                0x0000000000000644                __vector_26
                0x0000000000000644                __vector_14
                0x0000000000000644                __vector_16
                0x0000000000000644                __vector_18
                0x0000000000000644                __vector_20
                0x0000000000000644                __vector_42
                0x0000000000000648                . = ALIGN (0x2)
 *(.text.*)
 .text.process_action_kb
                0x0000000000000648        0x4 .build/obj_alpha_dre_via/quantum/quantum.o
                0x0000000000000648                process_action_kb
 .text.process_record_user
                0x000000000000064c        0x4 .build/obj_alpha_dre_via/quantum/quantum.o
                0x000000000000064c                process_record_user
 .text.process_record_kb
                0x0000000000000650        0x4 .build/obj_alpha_dre_via/quantum/quantum.o
                0x0000000000000650                process_record_kb
 .text.post_process_record_user
                0x0000000000000654        0x2 .build/obj_alpha_dre_via/quantum/quantum.o
                0x0000000000000654                post_process_record_user
 .text.post_process_record_kb
                0x0000000000000656        0x4 .build/obj_alpha_dre_via/quantum/quantum.o
                0x0000000000000656                post_process_record_kb
 .text.get_event_keycode
                0x000000000000065a       0x66 .build/obj_alpha_dre_via/quantum/quantum.o
                0x000000000000065a                get_event_keycode
 .text.get_record_keycode
                0x00000000000006c0       0x12 .build/obj_alpha_dre_via/quantum/quantum.o
                0x00000000000006c0                get_record_keycode
 .text.post_process_record_quantum
                0x00000000000006d2       0x16 .build/obj_alpha_dre_via/quantum/quantum.o
                0x00000000000006d2                post_process_record_quantum
 .text.update_tri_layer_state
                0x00000000000006e8       0xa8 .build/obj_alpha_dre_via/quantum/quantum.o
                0x00000000000006e8                update_tri_layer_state
 .text.update_tri_layer
                0x0000000000000790       0x24 .build/obj_alpha_dre_via/quantum/quantum.o
                0x0000000000000790                update_tri_layer
 .text.matrix_init_quantum
                0x00000000000007b4       0x14 .build/obj_alpha_dre_via/quantum/quantum.o
                0x00000000000007b4                matrix_init_quantum
 .text.matrix_scan_quantum
                0x00000000000007c8        0x4 .build/obj_alpha_dre_via/quantum/quantum.o
                0x00000000000007c8                matrix_scan_quantum
 .text.shutdown_user
                0x00000000000007cc        0x2 .build/obj_alpha_dre_via/quantum/quantum.o
                0x00000000000007cc                shutdown_user
 .text.reset_keyboard
                0x00000000000007ce       0x1e .build/obj_alpha_dre_via/quantum/quantum.o
                0x00000000000007ce                reset_keyboard
 .text.process_record_quantum_helper
                0x00000000000007ec       0x7c .build/obj_alpha_dre_via/quantum/quantum.o
                0x00000000000007ec                process_record_quantum_helper
 .text.process_record_quantum
                0x0000000000000868       0x16 .build/obj_alpha_dre_via/quantum/quantum.o
                0x0000000000000868                process_record_quantum
 .text.send_char
                0x000000000000087e       0xcc .build/obj_alpha_dre_via/quantum/send_string.o
                0x000000000000087e                send_char
 .text.send_string_with_delay
                0x000000000000094a       0xd0 .build/obj_alpha_dre_via/quantum/send_string.o
                0x000000000000094a                send_string_with_delay
 .text.send_string
                0x0000000000000a1a        0x6 .build/obj_alpha_dre_via/quantum/send_string.o
                0x0000000000000a1a                send_string
 .text.led_set_user
                0x0000000000000a20        0x2 .build/obj_alpha_dre_via/quantum/led.o
                0x0000000000000a20                led_set_user
 .text.led_set_kb
                0x0000000000000a22        0x4 .build/obj_alpha_dre_via/quantum/led.o
                0x0000000000000a22                led_set_kb
 .text.led_update_user
                0x0000000000000a26        0x4 .build/obj_alpha_dre_via/quantum/led.o
                0x0000000000000a26                led_update_user
 .text.led_update_kb
                0x0000000000000a2a        0x4 .build/obj_alpha_dre_via/quantum/led.o
                0x0000000000000a2a                led_update_kb
 .text.led_set  0x0000000000000a2e       0x10 .build/obj_alpha_dre_via/quantum/led.o
                0x0000000000000a2e                led_set
 .text.action_get_macro
                0x0000000000000a3e        0x6 .build/obj_alpha_dre_via/quantum/keymap_common.o
                0x0000000000000a3e                action_get_macro
 .text.action_function
                0x0000000000000a44        0x2 .build/obj_alpha_dre_via/quantum/keymap_common.o
                0x0000000000000a44                action_function
 .text.keymap_function_id_to_action
                0x0000000000000a46       0x10 .build/obj_alpha_dre_via/quantum/keymap_common.o
                0x0000000000000a46                keymap_function_id_to_action
 .text.action_for_key
                0x0000000000000a56      0x22a .build/obj_alpha_dre_via/quantum/keymap_common.o
                0x0000000000000a56                action_for_key
 .text.keycode_config
                0x0000000000000c80      0x12e .build/obj_alpha_dre_via/quantum/keycode_config.o
                0x0000000000000c80                keycode_config
 .text.mod_config
                0x0000000000000dae       0x86 .build/obj_alpha_dre_via/quantum/keycode_config.o
                0x0000000000000dae                mod_config
 .text.matrix_init_user
                0x0000000000000e34        0x2 .build/obj_alpha_dre_via/quantum/matrix_common.o
                0x0000000000000e34                matrix_init_user
 .text.matrix_init_kb
                0x0000000000000e36        0x4 .build/obj_alpha_dre_via/quantum/matrix_common.o
                0x0000000000000e36                matrix_init_kb
 .text.matrix_scan_user
                0x0000000000000e3a        0x2 .build/obj_alpha_dre_via/quantum/matrix_common.o
                0x0000000000000e3a                matrix_scan_user
 .text.matrix_scan_kb
                0x0000000000000e3c        0x4 .build/obj_alpha_dre_via/quantum/matrix_common.o
                0x0000000000000e3c                matrix_scan_kb
 .text.matrix_get_row
                0x0000000000000e40       0x12 .build/obj_alpha_dre_via/quantum/matrix_common.o
                0x0000000000000e40                matrix_get_row
 .text.matrix_print
                0x0000000000000e52        0x2 .build/obj_alpha_dre_via/quantum/matrix_common.o
                0x0000000000000e52                matrix_print
 .text.matrix_io_delay
                0x0000000000000e54        0x8 .build/obj_alpha_dre_via/quantum/matrix_common.o
                0x0000000000000e54                matrix_io_delay
 .text.matrix_output_select_delay
                0x0000000000000e5c        0x4 .build/obj_alpha_dre_via/quantum/matrix_common.o
                0x0000000000000e5c                matrix_output_select_delay
 .text.matrix_output_unselect_delay
                0x0000000000000e60        0x4 .build/obj_alpha_dre_via/quantum/matrix_common.o
                0x0000000000000e60                matrix_output_unselect_delay
 .text.setPinInputHigh_atomic
                0x0000000000000e64       0x2e .build/obj_alpha_dre_via/quantum/matrix.o
 .text.matrix_init
                0x0000000000000e92       0x7c .build/obj_alpha_dre_via/quantum/matrix.o
                0x0000000000000e92                matrix_init
 .text.matrix_scan
                0x0000000000000f0e      0x108 .build/obj_alpha_dre_via/quantum/matrix.o
                0x0000000000000f0e                matrix_scan
 .text.debounce_init
                0x0000000000001016        0x2 .build/obj_alpha_dre_via/quantum/debounce/sym_defer_g.o
                0x0000000000001016                debounce_init
 .text.debounce
                0x0000000000001018       0x72 .build/obj_alpha_dre_via/quantum/debounce/sym_defer_g.o
                0x0000000000001018                debounce
 .text.move_unit
                0x000000000000108a       0x94 .build/obj_alpha_dre_via/quantum/mousekey.o
 .text.wheel_unit
                0x000000000000111e       0x72 .build/obj_alpha_dre_via/quantum/mousekey.o
 .text.mousekey_on
                0x0000000000001190       0xd0 .build/obj_alpha_dre_via/quantum/mousekey.o
                0x0000000000001190                mousekey_on
 .text.mousekey_off
                0x0000000000001260      0x106 .build/obj_alpha_dre_via/quantum/mousekey.o
                0x0000000000001260                mousekey_off
 .text.mousekey_send
                0x0000000000001366       0x36 .build/obj_alpha_dre_via/quantum/mousekey.o
                0x0000000000001366                mousekey_send
 .text.mousekey_task
                0x000000000000139c      0x218 .build/obj_alpha_dre_via/quantum/mousekey.o
                0x000000000000139c                mousekey_task
 .text.mousekey_clear
                0x00000000000015b4       0x1c .build/obj_alpha_dre_via/quantum/mousekey.o
                0x00000000000015b4                mousekey_clear
 .text.via_eeprom_is_valid
                0x00000000000015d0       0x32 .build/obj_alpha_dre_via/quantum/via.o
                0x00000000000015d0                via_eeprom_is_valid
 .text.via_eeprom_set_valid
                0x0000000000001602       0x30 .build/obj_alpha_dre_via/quantum/via.o
                0x0000000000001602                via_eeprom_set_valid
 .text.via_eeprom_reset
                0x0000000000001632        0xa .build/obj_alpha_dre_via/quantum/via.o
                0x0000000000001632                via_eeprom_reset
 .text.via_init_kb
                0x000000000000163c        0x2 .build/obj_alpha_dre_via/quantum/via.o
                0x000000000000163c                via_init_kb
 .text.via_get_layout_options
                0x000000000000163e       0x12 .build/obj_alpha_dre_via/quantum/via.o
                0x000000000000163e                via_get_layout_options
 .text.via_set_layout_options
                0x0000000000001650        0x8 .build/obj_alpha_dre_via/quantum/via.o
                0x0000000000001650                via_set_layout_options
 .text.via_init
                0x0000000000001658       0x26 .build/obj_alpha_dre_via/quantum/via.o
                0x0000000000001658                via_init
 .text.process_record_via
                0x000000000000167e       0x70 .build/obj_alpha_dre_via/quantum/via.o
                0x000000000000167e                process_record_via
 .text.raw_hid_receive_kb
                0x00000000000016ee        0x8 .build/obj_alpha_dre_via/quantum/via.o
                0x00000000000016ee                raw_hid_receive_kb
 .text.raw_hid_receive
                0x00000000000016f6      0x20e .build/obj_alpha_dre_via/quantum/via.o
                0x00000000000016f6                raw_hid_receive
 .text.vial_handle_cmd
                0x0000000000001904      0x17c .build/obj_alpha_dre_via/quantum/vial.o
                0x0000000000001904                vial_handle_cmd
 .text.dynamic_keymap_get_layer_count
                0x0000000000001a80        0x4 .build/obj_alpha_dre_via/quantum/dynamic_keymap.o
                0x0000000000001a80                dynamic_keymap_get_layer_count
 .text.dynamic_keymap_key_to_eeprom_address
                0x0000000000001a84       0x20 .build/obj_alpha_dre_via/quantum/dynamic_keymap.o
                0x0000000000001a84                dynamic_keymap_key_to_eeprom_address
 .text.dynamic_keymap_get_keycode
                0x0000000000001aa4       0x44 .build/obj_alpha_dre_via/quantum/dynamic_keymap.o
                0x0000000000001aa4                dynamic_keymap_get_keycode
 .text.dynamic_keymap_set_keycode
                0x0000000000001ae8       0x50 .build/obj_alpha_dre_via/quantum/dynamic_keymap.o
                0x0000000000001ae8                dynamic_keymap_set_keycode
 .text.dynamic_keymap_reset
                0x0000000000001b38       0x94 .build/obj_alpha_dre_via/quantum/dynamic_keymap.o
                0x0000000000001b38                dynamic_keymap_reset
 .text.dynamic_keymap_get_buffer
                0x0000000000001bcc       0x4c .build/obj_alpha_dre_via/quantum/dynamic_keymap.o
                0x0000000000001bcc                dynamic_keymap_get_buffer
 .text.dynamic_keymap_set_buffer
                0x0000000000001c18       0x68 .build/obj_alpha_dre_via/quantum/dynamic_keymap.o
                0x0000000000001c18                dynamic_keymap_set_buffer
 .text.keymap_key_to_keycode
                0x0000000000001c80       0x26 .build/obj_alpha_dre_via/quantum/dynamic_keymap.o
                0x0000000000001c80                keymap_key_to_keycode
 .text.dynamic_keymap_macro_get_count
                0x0000000000001ca6        0x4 .build/obj_alpha_dre_via/quantum/dynamic_keymap.o
                0x0000000000001ca6                dynamic_keymap_macro_get_count
 .text.dynamic_keymap_macro_get_buffer_size
                0x0000000000001caa        0x6 .build/obj_alpha_dre_via/quantum/dynamic_keymap.o
                0x0000000000001caa                dynamic_keymap_macro_get_buffer_size
 .text.dynamic_keymap_macro_get_buffer
                0x0000000000001cb0       0x4e .build/obj_alpha_dre_via/quantum/dynamic_keymap.o
                0x0000000000001cb0                dynamic_keymap_macro_get_buffer
 .text.dynamic_keymap_macro_set_buffer
                0x0000000000001cfe       0x56 .build/obj_alpha_dre_via/quantum/dynamic_keymap.o
                0x0000000000001cfe                dynamic_keymap_macro_set_buffer
 .text.dynamic_keymap_macro_reset
                0x0000000000001d54       0x20 .build/obj_alpha_dre_via/quantum/dynamic_keymap.o
                0x0000000000001d54                dynamic_keymap_macro_reset
 .text.dynamic_keymap_macro_send
                0x0000000000001d74      0x12c .build/obj_alpha_dre_via/quantum/dynamic_keymap.o
                0x0000000000001d74                dynamic_keymap_macro_send
 .text.perform_space_cadet
                0x0000000000001ea0       0xd8 .build/obj_alpha_dre_via/quantum/process_keycode/process_space_cadet.o
                0x0000000000001ea0                perform_space_cadet
 .text.process_space_cadet
                0x0000000000001f78       0xa4 .build/obj_alpha_dre_via/quantum/process_keycode/process_space_cadet.o
                0x0000000000001f78                process_space_cadet
 .text.process_magic
                0x000000000000201c      0x246 .build/obj_alpha_dre_via/quantum/process_keycode/process_magic.o
                0x000000000000201c                process_magic
 .text.process_grave_esc
                0x0000000000002262       0x54 .build/obj_alpha_dre_via/quantum/process_keycode/process_grave_esc.o
                0x0000000000002262                process_grave_esc
 .text.host_set_driver
                0x00000000000022b6        0xa .build/obj_alpha_dre_via/common/host.o
                0x00000000000022b6                host_set_driver
 .text.host_keyboard_leds
                0x00000000000022c0       0x18 .build/obj_alpha_dre_via/common/host.o
                0x00000000000022c0                host_keyboard_leds
 .text.host_keyboard_send
                0x00000000000022d8       0x34 .build/obj_alpha_dre_via/common/host.o
                0x00000000000022d8                host_keyboard_send
 .text.host_mouse_send
                0x000000000000230c       0x1c .build/obj_alpha_dre_via/common/host.o
                0x000000000000230c                host_mouse_send
 .text.host_system_send
                0x0000000000002328       0x2c .build/obj_alpha_dre_via/common/host.o
                0x0000000000002328                host_system_send
 .text.host_consumer_send
                0x0000000000002354       0x2c .build/obj_alpha_dre_via/common/host.o
                0x0000000000002354                host_consumer_send
 .text.last_matrix_activity_trigger
                0x0000000000002380       0x26 .build/obj_alpha_dre_via/common/keyboard.o
                0x0000000000002380                last_matrix_activity_trigger
 .text.disable_jtag
                0x00000000000023a6        0xe .build/obj_alpha_dre_via/common/keyboard.o
                0x00000000000023a6                disable_jtag
 .text.keyboard_pre_init_user
                0x00000000000023b4        0x2 .build/obj_alpha_dre_via/common/keyboard.o
                0x00000000000023b4                keyboard_pre_init_user
 .text.matrix_setup
                0x00000000000023b6        0x2 .build/obj_alpha_dre_via/common/keyboard.o
                0x00000000000023b6                matrix_setup
 .text.keyboard_pre_init_kb
                0x00000000000023b8        0x4 .build/obj_alpha_dre_via/common/keyboard.o
                0x00000000000023b8                keyboard_pre_init_kb
 .text.keyboard_post_init_user
                0x00000000000023bc        0x2 .build/obj_alpha_dre_via/common/keyboard.o
                0x00000000000023bc                keyboard_post_init_user
 .text.keyboard_post_init_kb
                0x00000000000023be        0x4 .build/obj_alpha_dre_via/common/keyboard.o
                0x00000000000023be                keyboard_post_init_kb
 .text.keyboard_setup
                0x00000000000023c2       0x14 .build/obj_alpha_dre_via/common/keyboard.o
                0x00000000000023c2                keyboard_setup
 .text.is_keyboard_master
                0x00000000000023d6        0x4 .build/obj_alpha_dre_via/common/keyboard.o
                0x00000000000023d6                is_keyboard_master
 .text.should_process_keypress
                0x00000000000023da        0x4 .build/obj_alpha_dre_via/common/keyboard.o
                0x00000000000023da                should_process_keypress
 .text.housekeeping_task_kb
                0x00000000000023de        0x2 .build/obj_alpha_dre_via/common/keyboard.o
                0x00000000000023de                housekeeping_task_kb
 .text.housekeeping_task_user
                0x00000000000023e0        0x2 .build/obj_alpha_dre_via/common/keyboard.o
                0x00000000000023e0                housekeeping_task_user
 .text.keyboard_init
                0x00000000000023e2       0x14 .build/obj_alpha_dre_via/common/keyboard.o
                0x00000000000023e2                keyboard_init
 .text.keyboard_task
                0x00000000000023f6      0x16c .build/obj_alpha_dre_via/common/keyboard.o
                0x00000000000023f6                keyboard_task
 .text.action_exec
                0x0000000000002562       0x64 .build/obj_alpha_dre_via/common/action.o
                0x0000000000002562                action_exec
 .text.process_record_tap_hint
                0x00000000000025c6        0xa .build/obj_alpha_dre_via/common/action.o
                0x00000000000025c6                process_record_tap_hint
 .text.register_code
                0x00000000000025d0      0x124 .build/obj_alpha_dre_via/common/action.o
                0x00000000000025d0                register_code
 .text.unregister_code
                0x00000000000026f4       0xac .build/obj_alpha_dre_via/common/action.o
                0x00000000000026f4                unregister_code
 .text.tap_code_delay
                0x00000000000027a0       0x2e .build/obj_alpha_dre_via/common/action.o
                0x00000000000027a0                tap_code_delay
 .text.tap_code
                0x00000000000027ce       0x10 .build/obj_alpha_dre_via/common/action.o
                0x00000000000027ce                tap_code
 .text.register_mods
                0x00000000000027de        0xe .build/obj_alpha_dre_via/common/action.o
                0x00000000000027de                register_mods
 .text.unregister_mods
                0x00000000000027ec        0xe .build/obj_alpha_dre_via/common/action.o
                0x00000000000027ec                unregister_mods
 .text.process_action
                0x00000000000027fa      0x430 .build/obj_alpha_dre_via/common/action.o
                0x00000000000027fa                process_action
 .text.process_record_handler
                0x0000000000002c2a       0x2e .build/obj_alpha_dre_via/common/action.o
                0x0000000000002c2a                process_record_handler
 .text.process_record
                0x0000000000002c58       0x50 .build/obj_alpha_dre_via/common/action.o
                0x0000000000002c58                process_record
 .text.clear_keyboard_but_mods_and_keys
                0x0000000000002ca8       0x24 .build/obj_alpha_dre_via/common/action.o
                0x0000000000002ca8                clear_keyboard_but_mods_and_keys
 .text.clear_keyboard_but_mods
                0x0000000000002ccc        0x8 .build/obj_alpha_dre_via/common/action.o
                0x0000000000002ccc                clear_keyboard_but_mods
 .text.clear_keyboard
                0x0000000000002cd4        0x8 .build/obj_alpha_dre_via/common/action.o
                0x0000000000002cd4                clear_keyboard
 .text.is_tap_action
                0x0000000000002cdc       0x3e .build/obj_alpha_dre_via/common/action.o
                0x0000000000002cdc                is_tap_action
 .text.is_tap_key
                0x0000000000002d1a        0x8 .build/obj_alpha_dre_via/common/action.o
                0x0000000000002d1a                is_tap_key
 .text.debug_event
                0x0000000000002d22       0x1e .build/obj_alpha_dre_via/common/action.o
                0x0000000000002d22                debug_event
 .text.debug_record
                0x0000000000002d40       0x20 .build/obj_alpha_dre_via/common/action.o
                0x0000000000002d40                debug_record
 .text.debug_waiting_buffer
                0x0000000000002d60       0x42 .build/obj_alpha_dre_via/common/action_tapping.o
 .text.debug_tapping_key
                0x0000000000002da2       0x1c .build/obj_alpha_dre_via/common/action_tapping.o
 .text.waiting_buffer_scan_tap
                0x0000000000002dbe       0xac .build/obj_alpha_dre_via/common/action_tapping.o
 .text.process_tapping
                0x0000000000002e6a      0x356 .build/obj_alpha_dre_via/common/action_tapping.o
 .text.action_tapping_process
                0x00000000000031c0      0x134 .build/obj_alpha_dre_via/common/action_tapping.o
                0x00000000000031c0                action_tapping_process
 .text.action_macro_play
                0x00000000000032f4       0xf0 .build/obj_alpha_dre_via/common/action_macro.o
                0x00000000000032f4                action_macro_play
 .text.default_layer_state_set_user
                0x00000000000033e4        0x2 .build/obj_alpha_dre_via/common/action_layer.o
                0x00000000000033e4                default_layer_state_set_user
 .text.default_layer_state_set_kb
                0x00000000000033e6        0x4 .build/obj_alpha_dre_via/common/action_layer.o
                0x00000000000033e6                default_layer_state_set_kb
 .text.default_layer_state_set
                0x00000000000033ea       0x18 .build/obj_alpha_dre_via/common/action_layer.o
 .text.default_layer_debug
                0x0000000000003402        0x2 .build/obj_alpha_dre_via/common/action_layer.o
                0x0000000000003402                default_layer_debug
 .text.default_layer_set
                0x0000000000003404        0x4 .build/obj_alpha_dre_via/common/action_layer.o
                0x0000000000003404                default_layer_set
 .text.default_layer_or
                0x0000000000003408       0x24 .build/obj_alpha_dre_via/common/action_layer.o
                0x0000000000003408                default_layer_or
 .text.default_layer_and
                0x000000000000342c       0x24 .build/obj_alpha_dre_via/common/action_layer.o
                0x000000000000342c                default_layer_and
 .text.default_layer_xor
                0x0000000000003450       0x24 .build/obj_alpha_dre_via/common/action_layer.o
                0x0000000000003450                default_layer_xor
 .text.layer_state_set_user
                0x0000000000003474        0x4 .build/obj_alpha_dre_via/common/action_layer.o
                0x0000000000003474                layer_state_set_user
 .text.layer_state_set_kb
                0x0000000000003478        0x4 .build/obj_alpha_dre_via/common/action_layer.o
                0x0000000000003478                layer_state_set_kb
 .text.layer_state_set
                0x000000000000347c       0x18 .build/obj_alpha_dre_via/common/action_layer.o
                0x000000000000347c                layer_state_set
 .text.layer_clear
                0x0000000000003494        0xa .build/obj_alpha_dre_via/common/action_layer.o
                0x0000000000003494                layer_clear
 .text.layer_move
                0x000000000000349e       0x2a .build/obj_alpha_dre_via/common/action_layer.o
                0x000000000000349e                layer_move
 .text.layer_on
                0x00000000000034c8       0x42 .build/obj_alpha_dre_via/common/action_layer.o
                0x00000000000034c8                layer_on
 .text.layer_off
                0x000000000000350a       0x46 .build/obj_alpha_dre_via/common/action_layer.o
                0x000000000000350a                layer_off
 .text.layer_invert
                0x0000000000003550       0x42 .build/obj_alpha_dre_via/common/action_layer.o
                0x0000000000003550                layer_invert
 .text.layer_or
                0x0000000000003592       0x24 .build/obj_alpha_dre_via/common/action_layer.o
                0x0000000000003592                layer_or
 .text.layer_and
                0x00000000000035b6       0x24 .build/obj_alpha_dre_via/common/action_layer.o
                0x00000000000035b6                layer_and
 .text.layer_xor
                0x00000000000035da       0x24 .build/obj_alpha_dre_via/common/action_layer.o
                0x00000000000035da                layer_xor
 .text.layer_debug
                0x00000000000035fe        0x2 .build/obj_alpha_dre_via/common/action_layer.o
                0x00000000000035fe                layer_debug
 .text.update_source_layers_cache
                0x0000000000003600       0x58 .build/obj_alpha_dre_via/common/action_layer.o
                0x0000000000003600                update_source_layers_cache
 .text.read_source_layers_cache
                0x0000000000003658       0x50 .build/obj_alpha_dre_via/common/action_layer.o
                0x0000000000003658                read_source_layers_cache
 .text.layer_switch_get_layer
                0x00000000000036a8       0x84 .build/obj_alpha_dre_via/common/action_layer.o
                0x00000000000036a8                layer_switch_get_layer
 .text.layer_switch_get_action
                0x000000000000372c       0x14 .build/obj_alpha_dre_via/common/action_layer.o
                0x000000000000372c                layer_switch_get_action
 .text.store_or_get_action
                0x0000000000003740       0x48 .build/obj_alpha_dre_via/common/action_layer.o
                0x0000000000003740                store_or_get_action
 .text.add_key  0x0000000000003788        0xe .build/obj_alpha_dre_via/common/action_util.o
                0x0000000000003788                add_key
 .text.del_key  0x0000000000003796        0xe .build/obj_alpha_dre_via/common/action_util.o
                0x0000000000003796                del_key
 .text.clear_keys
                0x00000000000037a4        0xc .build/obj_alpha_dre_via/common/action_util.o
                0x00000000000037a4                clear_keys
 .text.get_oneshot_layer
                0x00000000000037b0        0xc .build/obj_alpha_dre_via/common/action_util.o
                0x00000000000037b0                get_oneshot_layer
 .text.get_oneshot_layer_state
                0x00000000000037bc        0x8 .build/obj_alpha_dre_via/common/action_util.o
                0x00000000000037bc                get_oneshot_layer_state
 .text.is_oneshot_layer_active
                0x00000000000037c4        0xe .build/obj_alpha_dre_via/common/action_util.o
                0x00000000000037c4                is_oneshot_layer_active
 .text.get_mods
                0x00000000000037d2        0x6 .build/obj_alpha_dre_via/common/action_util.o
                0x00000000000037d2                get_mods
 .text.add_mods
                0x00000000000037d8        0xc .build/obj_alpha_dre_via/common/action_util.o
                0x00000000000037d8                add_mods
 .text.del_mods
                0x00000000000037e4        0xe .build/obj_alpha_dre_via/common/action_util.o
                0x00000000000037e4                del_mods
 .text.clear_mods
                0x00000000000037f2        0x6 .build/obj_alpha_dre_via/common/action_util.o
                0x00000000000037f2                clear_mods
 .text.add_weak_mods
                0x00000000000037f8        0xc .build/obj_alpha_dre_via/common/action_util.o
                0x00000000000037f8                add_weak_mods
 .text.del_weak_mods
                0x0000000000003804        0xe .build/obj_alpha_dre_via/common/action_util.o
                0x0000000000003804                del_weak_mods
 .text.clear_weak_mods
                0x0000000000003812        0x6 .build/obj_alpha_dre_via/common/action_util.o
                0x0000000000003812                clear_weak_mods
 .text.add_macro_mods
                0x0000000000003818        0xc .build/obj_alpha_dre_via/common/action_util.o
                0x0000000000003818                add_macro_mods
 .text.del_macro_mods
                0x0000000000003824        0xe .build/obj_alpha_dre_via/common/action_util.o
                0x0000000000003824                del_macro_mods
 .text.clear_macro_mods
                0x0000000000003832        0x6 .build/obj_alpha_dre_via/common/action_util.o
                0x0000000000003832                clear_macro_mods
 .text.get_oneshot_mods
                0x0000000000003838        0x6 .build/obj_alpha_dre_via/common/action_util.o
                0x0000000000003838                get_oneshot_mods
 .text.oneshot_mods_changed_user
                0x000000000000383e        0x2 .build/obj_alpha_dre_via/common/action_util.o
                0x000000000000383e                oneshot_mods_changed_user
 .text.oneshot_mods_changed_kb
                0x0000000000003840        0x4 .build/obj_alpha_dre_via/common/action_util.o
                0x0000000000003840                oneshot_mods_changed_kb
 .text.set_oneshot_mods
                0x0000000000003844       0x12 .build/obj_alpha_dre_via/common/action_util.o
                0x0000000000003844                set_oneshot_mods
 .text.clear_oneshot_mods
                0x0000000000003856       0x14 .build/obj_alpha_dre_via/common/action_util.o
                0x0000000000003856                clear_oneshot_mods
 .text.send_keyboard_report
                0x000000000000386a       0x66 .build/obj_alpha_dre_via/common/action_util.o
                0x000000000000386a                send_keyboard_report
 .text.oneshot_layer_changed_user
                0x00000000000038d0        0x2 .build/obj_alpha_dre_via/common/action_util.o
                0x00000000000038d0                oneshot_layer_changed_user
 .text.oneshot_layer_changed_kb
                0x00000000000038d2        0x4 .build/obj_alpha_dre_via/common/action_util.o
                0x00000000000038d2                oneshot_layer_changed_kb
 .text.set_oneshot_layer
                0x00000000000038d6       0x20 .build/obj_alpha_dre_via/common/action_util.o
                0x00000000000038d6                set_oneshot_layer
 .text.reset_oneshot_layer
                0x00000000000038f6        0xa .build/obj_alpha_dre_via/common/action_util.o
                0x00000000000038f6                reset_oneshot_layer
 .text.clear_oneshot_layer_state
                0x0000000000003900       0x30 .build/obj_alpha_dre_via/common/action_util.o
                0x0000000000003900                clear_oneshot_layer_state
 .text.sendchar
                0x0000000000003930        0x4 .build/obj_alpha_dre_via/common/sendchar_null.o
                0x0000000000003930                sendchar
 .text.eeconfig_disable
                0x0000000000003934        0xc .build/obj_alpha_dre_via/common/eeconfig.o
                0x0000000000003934                eeconfig_disable
 .text.eeconfig_is_enabled
                0x0000000000003940       0x16 .build/obj_alpha_dre_via/common/eeconfig.o
                0x0000000000003940                eeconfig_is_enabled
 .text.eeconfig_read_debug
                0x0000000000003956        0x8 .build/obj_alpha_dre_via/common/eeconfig.o
                0x0000000000003956                eeconfig_read_debug
 .text.eeconfig_read_default_layer
                0x000000000000395e        0x8 .build/obj_alpha_dre_via/common/eeconfig.o
                0x000000000000395e                eeconfig_read_default_layer
 .text.eeconfig_read_keymap
                0x0000000000003966       0x1c .build/obj_alpha_dre_via/common/eeconfig.o
                0x0000000000003966                eeconfig_read_keymap
 .text.eeconfig_update_keymap
                0x0000000000003982       0x1a .build/obj_alpha_dre_via/common/eeconfig.o
                0x0000000000003982                eeconfig_update_keymap
 .text.eeconfig_update_kb
                0x000000000000399c        0xc .build/obj_alpha_dre_via/common/eeconfig.o
                0x000000000000399c                eeconfig_update_kb
 .text.eeconfig_update_user
                0x00000000000039a8        0xc .build/obj_alpha_dre_via/common/eeconfig.o
                0x00000000000039a8                eeconfig_update_user
 .text.eeconfig_init_user
                0x00000000000039b4        0xa .build/obj_alpha_dre_via/common/eeconfig.o
                0x00000000000039b4                eeconfig_init_user
 .text.eeconfig_init_kb
                0x00000000000039be        0xe .build/obj_alpha_dre_via/common/eeconfig.o
                0x00000000000039be                eeconfig_init_kb
 .text.eeconfig_init_quantum
                0x00000000000039cc       0xbc .build/obj_alpha_dre_via/common/eeconfig.o
                0x00000000000039cc                eeconfig_init_quantum
 .text.eeconfig_init
                0x0000000000003a88        0x4 .build/obj_alpha_dre_via/common/eeconfig.o
                0x0000000000003a88                eeconfig_init
 .text.eeconfig_update_handedness
                0x0000000000003a8c        0xa .build/obj_alpha_dre_via/common/eeconfig.o
                0x0000000000003a8c                eeconfig_update_handedness
 .text.has_anykey
                0x0000000000003a96       0x28 .build/obj_alpha_dre_via/common/report.o
                0x0000000000003a96                has_anykey
 .text.is_key_pressed
                0x0000000000003abe       0x60 .build/obj_alpha_dre_via/common/report.o
                0x0000000000003abe                is_key_pressed
 .text.add_key_byte
                0x0000000000003b1e       0x34 .build/obj_alpha_dre_via/common/report.o
                0x0000000000003b1e                add_key_byte
 .text.del_key_byte
                0x0000000000003b52       0x1a .build/obj_alpha_dre_via/common/report.o
                0x0000000000003b52                del_key_byte
 .text.add_key_bit
                0x0000000000003b6c       0x28 .build/obj_alpha_dre_via/common/report.o
                0x0000000000003b6c                add_key_bit
 .text.del_key_bit
                0x0000000000003b94       0x2a .build/obj_alpha_dre_via/common/report.o
                0x0000000000003b94                del_key_bit
 .text.add_key_to_report
                0x0000000000003bbe       0x16 .build/obj_alpha_dre_via/common/report.o
                0x0000000000003bbe                add_key_to_report
 .text.del_key_from_report
                0x0000000000003bd4       0x16 .build/obj_alpha_dre_via/common/report.o
                0x0000000000003bd4                del_key_from_report
 .text.clear_keys_from_report
                0x0000000000003bea       0x24 .build/obj_alpha_dre_via/common/report.o
                0x0000000000003bea                clear_keys_from_report
 .text.matrix_power_up
                0x0000000000003c0e        0x2 .build/obj_alpha_dre_via/common/avr/suspend.o
                0x0000000000003c0e                matrix_power_up
 .text.suspend_power_down_user
                0x0000000000003c10        0x2 .build/obj_alpha_dre_via/common/avr/suspend.o
                0x0000000000003c10                suspend_power_down_user
 .text.suspend_power_down_kb
                0x0000000000003c12        0x4 .build/obj_alpha_dre_via/common/avr/suspend.o
                0x0000000000003c12                suspend_power_down_kb
 .text.suspend_power_down
                0x0000000000003c16       0x5c .build/obj_alpha_dre_via/common/avr/suspend.o
                0x0000000000003c16                suspend_power_down
 .text.matrix_power_down
                0x0000000000003c72        0x2 .build/obj_alpha_dre_via/common/avr/suspend.o
                0x0000000000003c72                matrix_power_down
 .text.suspend_wakeup_condition
                0x0000000000003c74       0x2a .build/obj_alpha_dre_via/common/avr/suspend.o
                0x0000000000003c74                suspend_wakeup_condition
 .text.suspend_wakeup_init_user
                0x0000000000003c9e        0x2 .build/obj_alpha_dre_via/common/avr/suspend.o
                0x0000000000003c9e                suspend_wakeup_init_user
 .text.suspend_wakeup_init_kb
                0x0000000000003ca0        0x4 .build/obj_alpha_dre_via/common/avr/suspend.o
                0x0000000000003ca0                suspend_wakeup_init_kb
 .text.suspend_wakeup_init
                0x0000000000003ca4       0x10 .build/obj_alpha_dre_via/common/avr/suspend.o
                0x0000000000003ca4                suspend_wakeup_init
 .text.__vector_12
                0x0000000000003cb4       0x4e .build/obj_alpha_dre_via/common/avr/suspend.o
                0x0000000000003cb4                __vector_12
 .text.timer_init
                0x0000000000003d02       0x12 .build/obj_alpha_dre_via/common/avr/timer.o
                0x0000000000003d02                timer_init
 .text.timer_read
                0x0000000000003d14       0x18 .build/obj_alpha_dre_via/common/avr/timer.o
                0x0000000000003d14                timer_read
 .text.timer_read32
                0x0000000000003d2c       0x18 .build/obj_alpha_dre_via/common/avr/timer.o
                0x0000000000003d2c                timer_read32
 .text.timer_elapsed
                0x0000000000003d44       0x1e .build/obj_alpha_dre_via/common/avr/timer.o
                0x0000000000003d44                timer_elapsed
 .text.__vector_21
                0x0000000000003d62       0x48 .build/obj_alpha_dre_via/common/avr/timer.o
                0x0000000000003d62                __vector_21
 .text.bootloader_jump
                0x0000000000003daa       0x48 .build/obj_alpha_dre_via/common/avr/bootloader.o
                0x0000000000003daa                bootloader_jump
 .text.print_set_sendchar
                0x0000000000003df2        0xa .build/obj_alpha_dre_via/common/avr/printf.o
                0x0000000000003df2                print_set_sendchar
 .text.bootmagic_lite_reset_eeprom
                0x0000000000003dfc        0x4 .build/obj_alpha_dre_via/common/bootmagic_lite.o
                0x0000000000003dfc                bootmagic_lite_reset_eeprom
 .text.bootmagic_lite
                0x0000000000003e00       0x28 .build/obj_alpha_dre_via/common/bootmagic_lite.o
                0x0000000000003e00                bootmagic_lite
 .text.magic    0x0000000000003e28       0x44 .build/obj_alpha_dre_via/common/magic.o
                0x0000000000003e28                magic
 .text.keyboard_leds
                0x0000000000003e6c        0x6 .build/obj_alpha_dre_via/lufa.o
 .text.send_extra
                0x0000000000003e72       0x64 .build/obj_alpha_dre_via/lufa.o
 .text.send_consumer
                0x0000000000003ed6        0x8 .build/obj_alpha_dre_via/lufa.o
 .text.send_system
                0x0000000000003ede        0x8 .build/obj_alpha_dre_via/lufa.o
 .text.send_mouse
                0x0000000000003ee6       0x42 .build/obj_alpha_dre_via/lufa.o
 .text.send_keyboard
                0x0000000000003f28       0x80 .build/obj_alpha_dre_via/lufa.o
 .text.raw_hid_send
                0x0000000000003fa8       0x54 .build/obj_alpha_dre_via/lufa.o
                0x0000000000003fa8                raw_hid_send
 .text.EVENT_USB_Device_Connect
                0x0000000000003ffc       0x1c .build/obj_alpha_dre_via/lufa.o
                0x0000000000003ffc                EVENT_USB_Device_Connect
 .text.EVENT_USB_Device_Disconnect
                0x0000000000004018        0x6 .build/obj_alpha_dre_via/lufa.o
                0x0000000000004018                EVENT_USB_Device_Disconnect
 .text.EVENT_USB_Device_Reset
                0x000000000000401e        0x2 .build/obj_alpha_dre_via/lufa.o
                0x000000000000401e                EVENT_USB_Device_Reset
 .text.EVENT_USB_Device_Suspend
                0x0000000000004020        0x2 .build/obj_alpha_dre_via/lufa.o
                0x0000000000004020                EVENT_USB_Device_Suspend
 .text.EVENT_USB_Device_WakeUp
                0x0000000000004022        0x2 .build/obj_alpha_dre_via/lufa.o
                0x0000000000004022                EVENT_USB_Device_WakeUp
 .text.EVENT_USB_Device_ConfigurationChanged
                0x0000000000004024       0x28 .build/obj_alpha_dre_via/lufa.o
                0x0000000000004024                EVENT_USB_Device_ConfigurationChanged
 .text.EVENT_USB_Device_ControlRequest
                0x000000000000404c      0x172 .build/obj_alpha_dre_via/lufa.o
                0x000000000000404c                EVENT_USB_Device_ControlRequest
 .text.startup.main
                0x00000000000041be       0xf2 .build/obj_alpha_dre_via/lufa.o
                0x00000000000041be                main
 .text.CALLBACK_USB_GetDescriptor
                0x00000000000042b0        0x4 .build/obj_alpha_dre_via/lufa.o
                0x00000000000042b0                CALLBACK_USB_GetDescriptor
 .text.get_usb_descriptor
                0x00000000000042b4       0xba .build/obj_alpha_dre_via/usb_descriptor.o
                0x00000000000042b4                get_usb_descriptor
 .text.USB_Device_SendRemoteWakeup
                0x000000000000436e       0x2c .build/obj_alpha_dre_via/lib/lufa/LUFA/Drivers/USB/Core/AVR8/Device_AVR8.o
                0x000000000000436e                USB_Device_SendRemoteWakeup
 .text.Endpoint_Write_Stream_LE
                0x000000000000439a       0x9e .build/obj_alpha_dre_via/lib/lufa/LUFA/Drivers/USB/Core/AVR8/EndpointStream_AVR8.o
                0x000000000000439a                Endpoint_Write_Stream_LE
 .text.Endpoint_Read_Stream_LE
                0x0000000000004438       0x9e .build/obj_alpha_dre_via/lib/lufa/LUFA/Drivers/USB/Core/AVR8/EndpointStream_AVR8.o
                0x0000000000004438                Endpoint_Read_Stream_LE
 .text.Endpoint_Write_Control_Stream_LE
                0x00000000000044d6       0xbc .build/obj_alpha_dre_via/lib/lufa/LUFA/Drivers/USB/Core/AVR8/EndpointStream_AVR8.o
                0x00000000000044d6                Endpoint_Write_Control_Stream_LE
 .text.Endpoint_Write_Control_PStream_LE
                0x0000000000004592       0xbe .build/obj_alpha_dre_via/lib/lufa/LUFA/Drivers/USB/Core/AVR8/EndpointStream_AVR8.o
                0x0000000000004592                Endpoint_Write_Control_PStream_LE
 .text.Endpoint_ConfigureEndpoint_Prv
                0x0000000000004650       0x68 .build/obj_alpha_dre_via/lib/lufa/LUFA/Drivers/USB/Core/AVR8/Endpoint_AVR8.o
                0x0000000000004650                Endpoint_ConfigureEndpoint_Prv
 .text.Endpoint_ClearStatusStage
                0x00000000000046b8       0x3e .build/obj_alpha_dre_via/lib/lufa/LUFA/Drivers/USB/Core/AVR8/Endpoint_AVR8.o
                0x00000000000046b8                Endpoint_ClearStatusStage
 .text.Endpoint_WaitUntilReady
                0x00000000000046f6       0x62 .build/obj_alpha_dre_via/lib/lufa/LUFA/Drivers/USB/Core/AVR8/Endpoint_AVR8.o
                0x00000000000046f6                Endpoint_WaitUntilReady
 .text.USB_Disable
                0x0000000000004758       0x34 .build/obj_alpha_dre_via/lib/lufa/LUFA/Drivers/USB/Core/AVR8/USBController_AVR8.o
                0x0000000000004758                USB_Disable
 .text.USB_ResetInterface
                0x000000000000478c       0x86 .build/obj_alpha_dre_via/lib/lufa/LUFA/Drivers/USB/Core/AVR8/USBController_AVR8.o
                0x000000000000478c                USB_ResetInterface
 .text.USB_Init
                0x0000000000004812       0x22 .build/obj_alpha_dre_via/lib/lufa/LUFA/Drivers/USB/Core/AVR8/USBController_AVR8.o
                0x0000000000004812                USB_Init
 .text.USB_INT_DisableAllInterrupts
                0x0000000000004834       0x10 .build/obj_alpha_dre_via/lib/lufa/LUFA/Drivers/USB/Core/AVR8/USBInterrupt_AVR8.o
                0x0000000000004834                USB_INT_DisableAllInterrupts
 .text.USB_INT_ClearAllInterrupts
                0x0000000000004844        0xa .build/obj_alpha_dre_via/lib/lufa/LUFA/Drivers/USB/Core/AVR8/USBInterrupt_AVR8.o
                0x0000000000004844                USB_INT_ClearAllInterrupts
 .text.__vector_10
                0x000000000000484e      0x1a8 .build/obj_alpha_dre_via/lib/lufa/LUFA/Drivers/USB/Core/AVR8/USBInterrupt_AVR8.o
                0x000000000000484e                __vector_10
 .text.__vector_11
                0x00000000000049f6       0x88 .build/obj_alpha_dre_via/lib/lufa/LUFA/Drivers/USB/Core/AVR8/USBInterrupt_AVR8.o
                0x00000000000049f6                __vector_11
 .text.USB_Device_ProcessControlRequest
                0x0000000000004a7e      0x2a4 .build/obj_alpha_dre_via/lib/lufa/LUFA/Drivers/USB/Core/DeviceStandardReq.o
                0x0000000000004a7e                USB_Device_ProcessControlRequest
 .text.USB_Event_Stub
                0x0000000000004d22        0x2 .build/obj_alpha_dre_via/lib/lufa/LUFA/Drivers/USB/Core/Events.o
                0x0000000000004d22                EVENT_USB_Device_StartOfFrame
                0x0000000000004d22                USB_Event_Stub
 .text.USB_USBTask
                0x0000000000004d24       0x36 .build/obj_alpha_dre_via/lib/lufa/LUFA/Drivers/USB/Core/USBTask.o
                0x0000000000004d24                USB_USBTask
 .text.libgcc.div
                0x0000000000004d5a       0x28 d:/logiciels/qmk_msys/mingw64/bin/../lib/gcc/avr/8.4.0/avr5\libgcc.a(_divmodhi4.o)
                0x0000000000004d5a                _div
                0x0000000000004d5a                __divmodhi4
 .text.libgcc   0x0000000000004d82        0xc d:/logiciels/qmk_msys/mingw64/bin/../lib/gcc/avr/8.4.0/avr5\libgcc.a(_tablejump2.o)
                0x0000000000004d82                __tablejump2__
 .text.libgcc.builtins
                0x0000000000004d8e        0xe d:/logiciels/qmk_msys/mingw64/bin/../lib/gcc/avr/8.4.0/avr5\libgcc.a(_bswapsi2.o)
                0x0000000000004d8e                __bswapsi2
 .text.libgcc.div
                0x0000000000004d9c       0x28 d:/logiciels/qmk_msys/mingw64/bin/../lib/gcc/avr/8.4.0/avr5\libgcc.a(_udivmodhi4.o)
                0x0000000000004d9c                __udivmodhi4
 .text.avr-libc
                0x0000000000004dc4       0x12 d:/logiciels/qmk_msys/mingw64/bin/../lib/gcc/avr/8.4.0/../../../../avr/lib/avr5\libc.a(memcpy_P.o)
                0x0000000000004dc4                memcpy_P
 .text.avr-libc
                0x0000000000004dd6        0xe d:/logiciels/qmk_msys/mingw64/bin/../lib/gcc/avr/8.4.0/../../../../avr/lib/avr5\libc.a(memset.o)
                0x0000000000004dd6                memset
 .text.avr-libc
                0x0000000000004de4       0x10 d:/logiciels/qmk_msys/mingw64/bin/../lib/gcc/avr/8.4.0/../../../../avr/lib/avr5\libatmega32u4.a(eerd_byte.o)
                0x0000000000004de4                eeprom_read_byte
 .text.avr-libc
                0x0000000000004df4        0xc d:/logiciels/qmk_msys/mingw64/bin/../lib/gcc/avr/8.4.0/../../../../avr/lib/avr5\libatmega32u4.a(eerd_word.o)
                0x0000000000004df4                eeprom_read_word
 .text.avr-libc
                0x0000000000004e00       0x24 d:/logiciels/qmk_msys/mingw64/bin/../lib/gcc/avr/8.4.0/../../../../avr/lib/avr5\libatmega32u4.a(eeupd_byte.o)
                0x0000000000004e00                eeprom_update_byte
                0x0000000000004e02                eeprom_update_r18
 .text.avr-libc
                0x0000000000004e24       0x18 d:/logiciels/qmk_msys/mingw64/bin/../lib/gcc/avr/8.4.0/../../../../avr/lib/avr5\libatmega32u4.a(eeupd_dword.o)
                0x0000000000004e24                eeprom_update_float
                0x0000000000004e24                eeprom_update_dword
 .text.avr-libc
                0x0000000000004e3c        0xc d:/logiciels/qmk_msys/mingw64/bin/../lib/gcc/avr/8.4.0/../../../../avr/lib/avr5\libatmega32u4.a(eeupd_word.o)
                0x0000000000004e3c                eeprom_update_word
 .text.avr-libc
                0x0000000000004e48       0x20 d:/logiciels/qmk_msys/mingw64/bin/../lib/gcc/avr/8.4.0/../../../../avr/lib/avr5\libatmega32u4.a(eerd_block.o)
                0x0000000000004e48                eeprom_read_block
                0x0000000000004e4c                eeprom_read_blraw
                0x0000000000004e68                . = ALIGN (0x2)
 *(.fini9)
 .fini9         0x0000000000004e68        0x0 d:/logiciels/qmk_msys/mingw64/bin/../lib/gcc/avr/8.4.0/avr5\libgcc.a(_exit.o)
                0x0000000000004e68                _exit
                0x0000000000004e68                exit
 *(.fini9)
 *(.fini8)
 *(.fini8)
 *(.fini7)
 *(.fini7)
 *(.fini6)
 *(.fini6)
 *(.fini5)
 *(.fini5)
 *(.fini4)
 *(.fini4)
 *(.fini3)
 *(.fini3)
 *(.fini2)
 *(.fini2)
 *(.fini1)
 *(.fini1)
 *(.fini0)
 .fini0         0x0000000000004e68        0x4 d:/logiciels/qmk_msys/mingw64/bin/../lib/gcc/avr/8.4.0/avr5\libgcc.a(_exit.o)
 *(.fini0)
 *(.hightext)
 *(.hightext*)
 *(.progmemx.*)
                0x0000000000004e6c                . = ALIGN (0x2)
 *(.jumptables)
 *(.jumptables*)
 .jumptables.gcc.process_action
                0x0000000000004e6c       0x20 .build/obj_alpha_dre_via/common/action.o
 .jumptables.gcc.is_tap_action
                0x0000000000004e8c       0x1c .build/obj_alpha_dre_via/common/action.o
 .jumptables.gcc.USB_Device_ProcessControlRequest
                0x0000000000004ea8       0x14 .build/obj_alpha_dre_via/lib/lufa/LUFA/Drivers/USB/Core/DeviceStandardReq.o
                0x0000000000004ebc                _etext = .

.data           0x0000000000800100       0xa0 load address 0x0000000000004ebc
                0x0000000000800100                PROVIDE (__data_start = .)
 *(.data)
 *(.data*)
 .data.mk_wheel_time_to_max
                0x0000000000800100        0x1 .build/obj_alpha_dre_via/quantum/mousekey.o
                0x0000000000800100                mk_wheel_time_to_max
 .data.mk_wheel_max_speed
                0x0000000000800101        0x1 .build/obj_alpha_dre_via/quantum/mousekey.o
                0x0000000000800101                mk_wheel_max_speed
 .data.mk_wheel_interval
                0x0000000000800102        0x1 .build/obj_alpha_dre_via/quantum/mousekey.o
                0x0000000000800102                mk_wheel_interval
 .data.mk_wheel_delay
                0x0000000000800103        0x1 .build/obj_alpha_dre_via/quantum/mousekey.o
                0x0000000000800103                mk_wheel_delay
 .data.mk_time_to_max
                0x0000000000800104        0x1 .build/obj_alpha_dre_via/quantum/mousekey.o
                0x0000000000800104                mk_time_to_max
 .data.mk_max_speed
                0x0000000000800105        0x1 .build/obj_alpha_dre_via/quantum/mousekey.o
                0x0000000000800105                mk_max_speed
 .data.mk_interval
                0x0000000000800106        0x1 .build/obj_alpha_dre_via/quantum/mousekey.o
                0x0000000000800106                mk_interval
 .data.mk_delay
                0x0000000000800107        0x1 .build/obj_alpha_dre_via/quantum/mousekey.o
                0x0000000000800107                mk_delay
 .data.vial_unlocked
                0x0000000000800108        0x2 .build/obj_alpha_dre_via/quantum/vial.o
                0x0000000000800108                vial_unlocked
 .data.keyboard_report
                0x000000000080010a        0x2 .build/obj_alpha_dre_via/common/action_util.o
                0x000000000080010a                keyboard_report
 .data.lufa_driver
                0x000000000080010c        0xa .build/obj_alpha_dre_via/lufa.o
                0x000000000080010c                lufa_driver
 .data.keyboard_protocol
                0x0000000000800116        0x1 .build/obj_alpha_dre_via/lufa.o
                0x0000000000800116                keyboard_protocol
 *(.gnu.linkonce.d*)
 *(.rodata)
 .rodata        0x0000000000800117        0x8 .build/obj_alpha_dre_via/quantum/vial.o
 *(.rodata*)
 .rodata.CSWTCH.1
                0x000000000080011f       0x2e .build/obj_alpha_dre_via/quantum/keymap_common.o
 .rodata.CSWTCH.0
                0x000000000080014d        0x3 .build/obj_alpha_dre_via/quantum/keymap_common.o
 .rodata.col_pins
                0x0000000000800150        0xc .build/obj_alpha_dre_via/quantum/matrix.o
 .rodata.row_pins
                0x000000000080015c        0x4 .build/obj_alpha_dre_via/quantum/matrix.o
 .rodata.CSWTCH.12
                0x0000000000800160       0x2e .build/obj_alpha_dre_via/common/action.o
 .rodata.CSWTCH.11
                0x000000000080018e        0x3 .build/obj_alpha_dre_via/common/action.o
 .rodata.CSWTCH.2
                0x0000000000800191        0x3 .build/obj_alpha_dre_via/usb_descriptor.o
 .rodata.CSWTCH.1
                0x0000000000800194        0x6 .build/obj_alpha_dre_via/usb_descriptor.o
 .rodata.CSWTCH.0
                0x000000000080019a        0x6 .build/obj_alpha_dre_via/usb_descriptor.o
 *(.gnu.linkonce.r*)
                0x00000000008001a0                . = ALIGN (0x2)
                0x00000000008001a0                _edata = .
                0x00000000008001a0                PROVIDE (__data_end = .)

.bss            0x00000000008001a0       0xfc
                0x00000000008001a0                PROVIDE (__bss_start = .)
 *(.bss)
 .bss           0x00000000008001a0        0x2 .build/obj_alpha_dre_via/common/avr/xprintf.o
                0x00000000008001a0                xfunc_out
 *(.bss*)
 .bss.debouncing_time
                0x00000000008001a2        0x2 .build/obj_alpha_dre_via/quantum/debounce/sym_defer_g.o
 .bss.debouncing
                0x00000000008001a4        0x1 .build/obj_alpha_dre_via/quantum/debounce/sym_defer_g.o
 .bss.last_timer_w
                0x00000000008001a5        0x2 .build/obj_alpha_dre_via/quantum/mousekey.o
 .bss.last_timer_c
                0x00000000008001a7        0x2 .build/obj_alpha_dre_via/quantum/mousekey.o
 .bss.mousekey_wheel_repeat
                0x00000000008001a9        0x1 .build/obj_alpha_dre_via/quantum/mousekey.o
 .bss.mousekey_repeat
                0x00000000008001aa        0x1 .build/obj_alpha_dre_via/quantum/mousekey.o
 .bss.mousekey_accel
                0x00000000008001ab        0x1 .build/obj_alpha_dre_via/quantum/mousekey.o
 .bss.mouse_report
                0x00000000008001ac        0x6 .build/obj_alpha_dre_via/quantum/mousekey.o
 .bss.vial_unlock_counter
                0x00000000008001b2        0x2 .build/obj_alpha_dre_via/quantum/vial.o
 .bss.vial_unlock_in_progress
                0x00000000008001b4        0x2 .build/obj_alpha_dre_via/quantum/vial.o
                0x00000000008001b4                vial_unlock_in_progress
 .bss.sc_timer  0x00000000008001b6        0x2 .build/obj_alpha_dre_via/quantum/process_keycode/process_space_cadet.o
 .bss.sc_last   0x00000000008001b8        0x1 .build/obj_alpha_dre_via/quantum/process_keycode/process_space_cadet.o
 .bss.grave_esc_was_shifted
                0x00000000008001b9        0x1 .build/obj_alpha_dre_via/quantum/process_keycode/process_grave_esc.o
 .bss.last_consumer_report
                0x00000000008001ba        0x2 .build/obj_alpha_dre_via/common/host.o
 .bss.last_system_report
                0x00000000008001bc        0x2 .build/obj_alpha_dre_via/common/host.o
 .bss.driver    0x00000000008001be        0x2 .build/obj_alpha_dre_via/common/host.o
 .bss.led_status.5825
                0x00000000008001c0        0x1 .build/obj_alpha_dre_via/common/keyboard.o
 .bss.matrix_prev.5824
                0x00000000008001c1        0x8 .build/obj_alpha_dre_via/common/keyboard.o
 .bss.last_matrix_modification_time
                0x00000000008001c9        0x4 .build/obj_alpha_dre_via/common/keyboard.o
 .bss.last_input_modification_time
                0x00000000008001cd        0x4 .build/obj_alpha_dre_via/common/keyboard.o
 .bss.disable_action_cache
                0x00000000008001d1        0x1 .build/obj_alpha_dre_via/common/action.o
                0x00000000008001d1                disable_action_cache
 .bss.waiting_buffer_tail
                0x00000000008001d2        0x1 .build/obj_alpha_dre_via/common/action_tapping.o
 .bss.waiting_buffer_head
                0x00000000008001d3        0x1 .build/obj_alpha_dre_via/common/action_tapping.o
 .bss.waiting_buffer
                0x00000000008001d4       0x30 .build/obj_alpha_dre_via/common/action_tapping.o
 .bss.tapping_key
                0x0000000000800204        0x6 .build/obj_alpha_dre_via/common/action_tapping.o
 .bss.source_layers_cache
                0x000000000080020a       0x1e .build/obj_alpha_dre_via/common/action_layer.o
                0x000000000080020a                source_layers_cache
 .bss.layer_state
                0x0000000000800228        0x4 .build/obj_alpha_dre_via/common/action_layer.o
                0x0000000000800228                layer_state
 .bss.default_layer_state
                0x000000000080022c        0x4 .build/obj_alpha_dre_via/common/action_layer.o
                0x000000000080022c                default_layer_state
 .bss.oneshot_layer_data
                0x0000000000800230        0x1 .build/obj_alpha_dre_via/common/action_util.o
 .bss.oneshot_mods
                0x0000000000800231        0x1 .build/obj_alpha_dre_via/common/action_util.o
 .bss.__compound_literal.0
                0x0000000000800232       0x20 .build/obj_alpha_dre_via/common/action_util.o
 .bss.macro_mods
                0x0000000000800252        0x1 .build/obj_alpha_dre_via/common/action_util.o
 .bss.weak_mods
                0x0000000000800253        0x1 .build/obj_alpha_dre_via/common/action_util.o
 .bss.real_mods
                0x0000000000800254        0x1 .build/obj_alpha_dre_via/common/action_util.o
 .bss.debug_config
                0x0000000000800255        0x1 .build/obj_alpha_dre_via/common/debug.o
                0x0000000000800255                debug_config
 .bss.wdt_timeout
                0x0000000000800256        0x1 .build/obj_alpha_dre_via/common/avr/suspend.o
 .bss.keyboard_report_sent
                0x0000000000800257       0x20 .build/obj_alpha_dre_via/lufa.o
 .bss.keyboard_led_state
                0x0000000000800277        0x1 .build/obj_alpha_dre_via/lufa.o
 .bss.keyboard_idle
                0x0000000000800278        0x1 .build/obj_alpha_dre_via/lufa.o
                0x0000000000800278                keyboard_idle
 *(COMMON)
 COMMON         0x0000000000800279       0x10 .build/obj_alpha_dre_via/quantum/matrix_common.o
                0x0000000000800279                raw_matrix
                0x0000000000800281                matrix
 COMMON         0x0000000000800289        0x4 .build/obj_alpha_dre_via/common/avr/timer.o
                0x0000000000800289                timer_count
 COMMON         0x000000000080028d        0x2 .build/obj_alpha_dre_via/common/magic.o
                0x000000000080028d                keymap_config
 COMMON         0x000000000080028f        0x3 .build/obj_alpha_dre_via/lib/lufa/LUFA/Drivers/USB/Core/DeviceStandardReq.o
                0x000000000080028f                USB_Device_ConfigurationNumber
                0x0000000000800290                USB_Device_CurrentlySelfPowered
                0x0000000000800291                USB_Device_RemoteWakeupEnabled
 COMMON         0x0000000000800292        0xa .build/obj_alpha_dre_via/lib/lufa/LUFA/Drivers/USB/Core/USBTask.o
                0x0000000000800292                USB_IsInitialized
                0x0000000000800293                USB_DeviceState
                0x0000000000800294                USB_ControlRequest
                0x000000000080029c                PROVIDE (__bss_end = .)
                0x0000000000004ebc                __data_load_start = LOADADDR (.data)
                0x0000000000004f5c                __data_load_end = (__data_load_start + SIZEOF (.data))

.noinit         0x000000000080029c        0x4
                [!provide]                        PROVIDE (__noinit_start = .)
 *(.noinit*)
 .noinit        0x000000000080029c        0x4 .build/obj_alpha_dre_via/common/avr/bootloader.o
                0x000000000080029c                reset_key
                [!provide]                        PROVIDE (__noinit_end = .)
                0x00000000008002a0                _end = .
                [!provide]                        PROVIDE (__heap_start = .)

.eeprom         0x0000000000810000        0x0
 *(.eeprom*)
                0x0000000000810000                __eeprom_end = .

.fuse
 *(.fuse)
 *(.lfuse)
 *(.hfuse)
 *(.efuse)

.lock
 *(.lock*)

.signature
 *(.signature*)

.stab           0x0000000000000000       0x24
 *(.stab)
 .stab          0x0000000000000000       0x24 .build/obj_alpha_dre_via/common/avr/xprintf.o
                                        0x8b8 (size before relaxing)

.stabstr        0x0000000000000000       0x82
 *(.stabstr)
 .stabstr       0x0000000000000000       0x82 .build/obj_alpha_dre_via/common/avr/xprintf.o

.stab.excl
 *(.stab.excl)

.stab.exclstr
 *(.stab.exclstr)

.stab.index
 *(.stab.index)

.stab.indexstr
 *(.stab.indexstr)

.comment        0x0000000000000000       0x11
 *(.comment)
 .comment       0x0000000000000000       0x11 .build/obj_alpha_dre_via/keyboards/alpha_dre/keymaps/via/keymap.o
                                         0x12 (size before relaxing)
 .comment       0x0000000000000011       0x12 .build/obj_alpha_dre_via/quantum/quantum.o
 .comment       0x0000000000000011       0x12 .build/obj_alpha_dre_via/quantum/send_string.o
 .comment       0x0000000000000011       0x12 .build/obj_alpha_dre_via/quantum/led.o
 .comment       0x0000000000000011       0x12 .build/obj_alpha_dre_via/quantum/keymap_common.o
 .comment       0x0000000000000011       0x12 .build/obj_alpha_dre_via/quantum/keycode_config.o
 .comment       0x0000000000000011       0x12 .build/obj_alpha_dre_via/quantum/matrix_common.o
 .comment       0x0000000000000011       0x12 .build/obj_alpha_dre_via/quantum/matrix.o
 .comment       0x0000000000000011       0x12 .build/obj_alpha_dre_via/quantum/debounce/sym_defer_g.o
 .comment       0x0000000000000011       0x12 .build/obj_alpha_dre_via/quantum/mousekey.o
 .comment       0x0000000000000011       0x12 .build/obj_alpha_dre_via/quantum/via.o
 .comment       0x0000000000000011       0x12 .build/obj_alpha_dre_via/quantum/vial.o
 .comment       0x0000000000000011       0x12 .build/obj_alpha_dre_via/quantum/dynamic_keymap.o
 .comment       0x0000000000000011       0x12 .build/obj_alpha_dre_via/quantum/process_keycode/process_space_cadet.o
 .comment       0x0000000000000011       0x12 .build/obj_alpha_dre_via/quantum/process_keycode/process_magic.o
 .comment       0x0000000000000011       0x12 .build/obj_alpha_dre_via/quantum/process_keycode/process_grave_esc.o
 .comment       0x0000000000000011       0x12 .build/obj_alpha_dre_via/common/host.o
 .comment       0x0000000000000011       0x12 .build/obj_alpha_dre_via/common/keyboard.o
 .comment       0x0000000000000011       0x12 .build/obj_alpha_dre_via/common/action.o
 .comment       0x0000000000000011       0x12 .build/obj_alpha_dre_via/common/action_tapping.o
 .comment       0x0000000000000011       0x12 .build/obj_alpha_dre_via/common/action_macro.o
 .comment       0x0000000000000011       0x12 .build/obj_alpha_dre_via/common/action_layer.o
 .comment       0x0000000000000011       0x12 .build/obj_alpha_dre_via/common/action_util.o
 .comment       0x0000000000000011       0x12 .build/obj_alpha_dre_via/common/debug.o
 .comment       0x0000000000000011       0x12 .build/obj_alpha_dre_via/common/sendchar_null.o
 .comment       0x0000000000000011       0x12 .build/obj_alpha_dre_via/common/eeconfig.o
 .comment       0x0000000000000011       0x12 .build/obj_alpha_dre_via/common/report.o
 .comment       0x0000000000000011       0x12 .build/obj_alpha_dre_via/common/avr/suspend.o
 .comment       0x0000000000000011       0x12 .build/obj_alpha_dre_via/common/avr/timer.o
 .comment       0x0000000000000011       0x12 .build/obj_alpha_dre_via/common/avr/bootloader.o
 .comment       0x0000000000000011       0x12 .build/obj_alpha_dre_via/common/avr/printf.o
 .comment       0x0000000000000011       0x12 .build/obj_alpha_dre_via/common/bootmagic_lite.o
 .comment       0x0000000000000011       0x12 .build/obj_alpha_dre_via/common/magic.o
 .comment       0x0000000000000011       0x12 .build/obj_alpha_dre_via/lufa.o
 .comment       0x0000000000000011       0x12 .build/obj_alpha_dre_via/usb_descriptor.o
 .comment       0x0000000000000011       0x12 .build/obj_alpha_dre_via/lib/lufa/LUFA/Drivers/USB/Core/AVR8/Device_AVR8.o
 .comment       0x0000000000000011       0x12 .build/obj_alpha_dre_via/lib/lufa/LUFA/Drivers/USB/Core/AVR8/EndpointStream_AVR8.o
 .comment       0x0000000000000011       0x12 .build/obj_alpha_dre_via/lib/lufa/LUFA/Drivers/USB/Core/AVR8/Endpoint_AVR8.o
 .comment       0x0000000000000011       0x12 .build/obj_alpha_dre_via/lib/lufa/LUFA/Drivers/USB/Core/AVR8/USBController_AVR8.o
 .comment       0x0000000000000011       0x12 .build/obj_alpha_dre_via/lib/lufa/LUFA/Drivers/USB/Core/AVR8/USBInterrupt_AVR8.o
 .comment       0x0000000000000011       0x12 .build/obj_alpha_dre_via/lib/lufa/LUFA/Drivers/USB/Core/DeviceStandardReq.o
 .comment       0x0000000000000011       0x12 .build/obj_alpha_dre_via/lib/lufa/LUFA/Drivers/USB/Core/Events.o
 .comment       0x0000000000000011       0x12 .build/obj_alpha_dre_via/lib/lufa/LUFA/Drivers/USB/Core/USBTask.o

.note.gnu.avr.deviceinfo
                0x0000000000000000       0x40
 .note.gnu.avr.deviceinfo
                0x0000000000000000       0x40 d:/logiciels/qmk_msys/mingw64/bin/../lib/gcc/avr/8.4.0/../../../../avr/lib/avr5/crtatmega32u4.o

.note.gnu.build-id
 *(.note.gnu.build-id)

.debug
 *(.debug)

.line
 *(.line)

.debug_srcinfo
 *(.debug_srcinfo)

.debug_sfnames
 *(.debug_sfnames)

.debug_aranges  0x0000000000000000      0xec0
 *(.debug_aranges)
 .debug_aranges
                0x0000000000000000       0x18 .build/obj_alpha_dre_via/keyboards/alpha_dre/keymaps/via/keymap.o
 .debug_aranges
                0x0000000000000018       0xf8 .build/obj_alpha_dre_via/quantum/quantum.o
 .debug_aranges
                0x0000000000000110       0x40 .build/obj_alpha_dre_via/quantum/send_string.o
 .debug_aranges
                0x0000000000000150       0x48 .build/obj_alpha_dre_via/quantum/led.o
 .debug_aranges
                0x0000000000000198       0x40 .build/obj_alpha_dre_via/quantum/keymap_common.o
 .debug_aranges
                0x00000000000001d8       0x28 .build/obj_alpha_dre_via/quantum/keycode_config.o
 .debug_aranges
                0x0000000000000200       0xa0 .build/obj_alpha_dre_via/quantum/matrix_common.o
 .debug_aranges
                0x00000000000002a0       0x30 .build/obj_alpha_dre_via/quantum/matrix.o
 .debug_aranges
                0x00000000000002d0       0x30 .build/obj_alpha_dre_via/quantum/debounce/sym_defer_g.o
 .debug_aranges
                0x0000000000000300       0x50 .build/obj_alpha_dre_via/quantum/mousekey.o
 .debug_aranges
                0x0000000000000350       0x68 .build/obj_alpha_dre_via/quantum/via.o
 .debug_aranges
                0x00000000000003b8       0x20 .build/obj_alpha_dre_via/quantum/vial.o
 .debug_aranges
                0x00000000000003d8       0x88 .build/obj_alpha_dre_via/quantum/dynamic_keymap.o
 .debug_aranges
                0x0000000000000460       0x28 .build/obj_alpha_dre_via/quantum/process_keycode/process_space_cadet.o
 .debug_aranges
                0x0000000000000488       0x20 .build/obj_alpha_dre_via/quantum/process_keycode/process_magic.o
 .debug_aranges
                0x00000000000004a8       0x20 .build/obj_alpha_dre_via/quantum/process_keycode/process_grave_esc.o
 .debug_aranges
                0x00000000000004c8       0x68 .build/obj_alpha_dre_via/common/host.o
 .debug_aranges
                0x0000000000000530       0xb0 .build/obj_alpha_dre_via/common/keyboard.o
 .debug_aranges
                0x00000000000005e0       0xd8 .build/obj_alpha_dre_via/common/action.o
 .debug_aranges
                0x00000000000006b8       0x48 .build/obj_alpha_dre_via/common/action_tapping.o
 .debug_aranges
                0x0000000000000700       0x20 .build/obj_alpha_dre_via/common/action_macro.o
 .debug_aranges
                0x0000000000000720       0xe0 .build/obj_alpha_dre_via/common/action_layer.o
 .debug_aranges
                0x0000000000000800      0x150 .build/obj_alpha_dre_via/common/action_util.o
 .debug_aranges
                0x0000000000000950       0x18 .build/obj_alpha_dre_via/common/debug.o
 .debug_aranges
                0x0000000000000968       0x20 .build/obj_alpha_dre_via/common/sendchar_null.o
 .debug_aranges
                0x0000000000000988       0xe8 .build/obj_alpha_dre_via/common/eeconfig.o
 .debug_aranges
                0x0000000000000a70       0x68 .build/obj_alpha_dre_via/common/report.o
 .debug_aranges
                0x0000000000000ad8       0x58 .build/obj_alpha_dre_via/common/avr/suspend.o
 .debug_aranges
                0x0000000000000b30       0x50 .build/obj_alpha_dre_via/common/avr/timer.o
 .debug_aranges
                0x0000000000000b80       0x28 .build/obj_alpha_dre_via/common/avr/bootloader.o
 .debug_aranges
                0x0000000000000ba8       0x20 .build/obj_alpha_dre_via/common/avr/printf.o
 .debug_aranges
                0x0000000000000bc8       0x28 .build/obj_alpha_dre_via/common/bootmagic_lite.o
 .debug_aranges
                0x0000000000000bf0       0x20 .build/obj_alpha_dre_via/common/magic.o
 .debug_aranges
                0x0000000000000c10       0x90 .build/obj_alpha_dre_via/lufa.o
 .debug_aranges
                0x0000000000000ca0       0x20 .build/obj_alpha_dre_via/usb_descriptor.o
 .debug_aranges
                0x0000000000000cc0       0x20 .build/obj_alpha_dre_via/lib/lufa/LUFA/Drivers/USB/Core/AVR8/Device_AVR8.o
 .debug_aranges
                0x0000000000000ce0       0xc8 .build/obj_alpha_dre_via/lib/lufa/LUFA/Drivers/USB/Core/AVR8/EndpointStream_AVR8.o
 .debug_aranges
                0x0000000000000da8       0x40 .build/obj_alpha_dre_via/lib/lufa/LUFA/Drivers/USB/Core/AVR8/Endpoint_AVR8.o
 .debug_aranges
                0x0000000000000de8       0x30 .build/obj_alpha_dre_via/lib/lufa/LUFA/Drivers/USB/Core/AVR8/USBController_AVR8.o
 .debug_aranges
                0x0000000000000e18       0x38 .build/obj_alpha_dre_via/lib/lufa/LUFA/Drivers/USB/Core/AVR8/USBInterrupt_AVR8.o
 .debug_aranges
                0x0000000000000e50       0x20 .build/obj_alpha_dre_via/lib/lufa/LUFA/Drivers/USB/Core/DeviceStandardReq.o
 .debug_aranges
                0x0000000000000e70       0x30 .build/obj_alpha_dre_via/lib/lufa/LUFA/Drivers/USB/Core/Events.o
 .debug_aranges
                0x0000000000000ea0       0x20 .build/obj_alpha_dre_via/lib/lufa/LUFA/Drivers/USB/Core/USBTask.o

.debug_pubnames
 *(.debug_pubnames)

.debug_info     0x0000000000000000    0x23d84
 *(.debug_info .gnu.linkonce.wi.*)
 .debug_info    0x0000000000000000      0x9f4 d:/logiciels/qmk_msys/mingw64/bin/../lib/gcc/avr/8.4.0/../../../../avr/lib/avr5/crtatmega32u4.o
 .debug_info    0x00000000000009f4     0x149d .build/obj_alpha_dre_via/keyboards/alpha_dre/keymaps/via/keymap.o
 .debug_info    0x0000000000001e91     0x2234 .build/obj_alpha_dre_via/quantum/quantum.o
 .debug_info    0x00000000000040c5     0x1248 .build/obj_alpha_dre_via/quantum/send_string.o
 .debug_info    0x000000000000530d      0x7fc .build/obj_alpha_dre_via/quantum/led.o
 .debug_info    0x0000000000005b09     0x200c .build/obj_alpha_dre_via/quantum/keymap_common.o
 .debug_info    0x0000000000007b15      0x63c .build/obj_alpha_dre_via/quantum/keycode_config.o
 .debug_info    0x0000000000008151      0xb04 .build/obj_alpha_dre_via/quantum/matrix_common.o
 .debug_info    0x0000000000008c55      0xb8a .build/obj_alpha_dre_via/quantum/matrix.o
 .debug_info    0x00000000000097df      0x73d .build/obj_alpha_dre_via/quantum/debounce/sym_defer_g.o
 .debug_info    0x0000000000009f1c      0x840 .build/obj_alpha_dre_via/quantum/mousekey.o
 .debug_info    0x000000000000a75c     0x1195 .build/obj_alpha_dre_via/quantum/via.o
 .debug_info    0x000000000000b8f1     0x1921 .build/obj_alpha_dre_via/quantum/vial.o
 .debug_info    0x000000000000d212     0x1d87 .build/obj_alpha_dre_via/quantum/dynamic_keymap.o
 .debug_info    0x000000000000ef99     0x176f .build/obj_alpha_dre_via/quantum/process_keycode/process_space_cadet.o
 .debug_info    0x0000000000010708     0x125a .build/obj_alpha_dre_via/quantum/process_keycode/process_magic.o
 .debug_info    0x0000000000011962     0x16ba .build/obj_alpha_dre_via/quantum/process_keycode/process_grave_esc.o
 .debug_info    0x000000000001301c      0x89c .build/obj_alpha_dre_via/common/host.o
 .debug_info    0x00000000000138b8      0xb83 .build/obj_alpha_dre_via/common/keyboard.o
 .debug_info    0x000000000001443b     0x239c .build/obj_alpha_dre_via/common/action.o
 .debug_info    0x00000000000167d7      0xf99 .build/obj_alpha_dre_via/common/action_tapping.o
 .debug_info    0x0000000000017770      0xb40 .build/obj_alpha_dre_via/common/action_macro.o
 .debug_info    0x00000000000182b0      0xc9a .build/obj_alpha_dre_via/common/action_layer.o
 .debug_info    0x0000000000018f4a      0xe17 .build/obj_alpha_dre_via/common/action_util.o
 .debug_info    0x0000000000019d61      0x110 .build/obj_alpha_dre_via/common/debug.o
 .debug_info    0x0000000000019e71       0xa8 .build/obj_alpha_dre_via/common/sendchar_null.o
 .debug_info    0x0000000000019f19      0x911 .build/obj_alpha_dre_via/common/eeconfig.o
 .debug_info    0x000000000001a82a      0xc7f .build/obj_alpha_dre_via/common/report.o
 .debug_info    0x000000000001b4a9      0x764 .build/obj_alpha_dre_via/common/avr/suspend.o
 .debug_info    0x000000000001bc0d      0x443 .build/obj_alpha_dre_via/common/avr/timer.o
 .debug_info    0x000000000001c050      0x3c7 .build/obj_alpha_dre_via/common/avr/bootloader.o
 .debug_info    0x000000000001c417       0xe7 .build/obj_alpha_dre_via/common/avr/printf.o
 .debug_info    0x000000000001c4fe      0x76e .build/obj_alpha_dre_via/common/bootmagic_lite.o
 .debug_info    0x000000000001cc6c      0x550 .build/obj_alpha_dre_via/common/magic.o
 .debug_info    0x000000000001d1bc     0x1a1c .build/obj_alpha_dre_via/lufa.o
 .debug_info    0x000000000001ebd8      0xa65 .build/obj_alpha_dre_via/usb_descriptor.o
 .debug_info    0x000000000001f63d      0x1c0 .build/obj_alpha_dre_via/lib/lufa/LUFA/Drivers/USB/Core/AVR8/Device_AVR8.o
 .debug_info    0x000000000001f7fd     0x1da4 .build/obj_alpha_dre_via/lib/lufa/LUFA/Drivers/USB/Core/AVR8/EndpointStream_AVR8.o
 .debug_info    0x00000000000215a1      0x75d .build/obj_alpha_dre_via/lib/lufa/LUFA/Drivers/USB/Core/AVR8/Endpoint_AVR8.o
 .debug_info    0x0000000000021cfe      0x606 .build/obj_alpha_dre_via/lib/lufa/LUFA/Drivers/USB/Core/AVR8/USBController_AVR8.o
 .debug_info    0x0000000000022304      0xa43 .build/obj_alpha_dre_via/lib/lufa/LUFA/Drivers/USB/Core/AVR8/USBInterrupt_AVR8.o
 .debug_info    0x0000000000022d47      0xc59 .build/obj_alpha_dre_via/lib/lufa/LUFA/Drivers/USB/Core/DeviceStandardReq.o
 .debug_info    0x00000000000239a0       0xe9 .build/obj_alpha_dre_via/lib/lufa/LUFA/Drivers/USB/Core/Events.o
 .debug_info    0x0000000000023a89      0x2fb .build/obj_alpha_dre_via/lib/lufa/LUFA/Drivers/USB/Core/USBTask.o

.debug_abbrev   0x0000000000000000     0x75fd
 *(.debug_abbrev)
 .debug_abbrev  0x0000000000000000      0x96a d:/logiciels/qmk_msys/mingw64/bin/../lib/gcc/avr/8.4.0/../../../../avr/lib/avr5/crtatmega32u4.o
 .debug_abbrev  0x000000000000096a      0x187 .build/obj_alpha_dre_via/keyboards/alpha_dre/keymaps/via/keymap.o
 .debug_abbrev  0x0000000000000af1      0x487 .build/obj_alpha_dre_via/quantum/quantum.o
 .debug_abbrev  0x0000000000000f78      0x2e8 .build/obj_alpha_dre_via/quantum/send_string.o
 .debug_abbrev  0x0000000000001260      0x24a .build/obj_alpha_dre_via/quantum/led.o
 .debug_abbrev  0x00000000000014aa      0x317 .build/obj_alpha_dre_via/quantum/keymap_common.o
 .debug_abbrev  0x00000000000017c1      0x119 .build/obj_alpha_dre_via/quantum/keycode_config.o
 .debug_abbrev  0x00000000000018da      0x3b9 .build/obj_alpha_dre_via/quantum/matrix_common.o
 .debug_abbrev  0x0000000000001c93      0x395 .build/obj_alpha_dre_via/quantum/matrix.o
 .debug_abbrev  0x0000000000002028      0x231 .build/obj_alpha_dre_via/quantum/debounce/sym_defer_g.o
 .debug_abbrev  0x0000000000002259      0x2e1 .build/obj_alpha_dre_via/quantum/mousekey.o
 .debug_abbrev  0x000000000000253a      0x360 .build/obj_alpha_dre_via/quantum/via.o
 .debug_abbrev  0x000000000000289a      0x2bb .build/obj_alpha_dre_via/quantum/vial.o
 .debug_abbrev  0x0000000000002b55      0x432 .build/obj_alpha_dre_via/quantum/dynamic_keymap.o
 .debug_abbrev  0x0000000000002f87      0x233 .build/obj_alpha_dre_via/quantum/process_keycode/process_space_cadet.o
 .debug_abbrev  0x00000000000031ba      0x1cf .build/obj_alpha_dre_via/quantum/process_keycode/process_magic.o
 .debug_abbrev  0x0000000000003389      0x21d .build/obj_alpha_dre_via/quantum/process_keycode/process_grave_esc.o
 .debug_abbrev  0x00000000000035a6      0x282 .build/obj_alpha_dre_via/common/host.o
 .debug_abbrev  0x0000000000003828      0x38d .build/obj_alpha_dre_via/common/keyboard.o
 .debug_abbrev  0x0000000000003bb5      0x4e3 .build/obj_alpha_dre_via/common/action.o
 .debug_abbrev  0x0000000000004098      0x35f .build/obj_alpha_dre_via/common/action_tapping.o
 .debug_abbrev  0x00000000000043f7      0x284 .build/obj_alpha_dre_via/common/action_macro.o
 .debug_abbrev  0x000000000000467b      0x30f .build/obj_alpha_dre_via/common/action_layer.o
 .debug_abbrev  0x000000000000498a      0x3a3 .build/obj_alpha_dre_via/common/action_util.o
 .debug_abbrev  0x0000000000004d2d       0xa2 .build/obj_alpha_dre_via/common/debug.o
 .debug_abbrev  0x0000000000004dcf       0x6b .build/obj_alpha_dre_via/common/sendchar_null.o
 .debug_abbrev  0x0000000000004e3a      0x135 .build/obj_alpha_dre_via/common/eeconfig.o
 .debug_abbrev  0x0000000000004f6f      0x2a9 .build/obj_alpha_dre_via/common/report.o
 .debug_abbrev  0x0000000000005218      0x31a .build/obj_alpha_dre_via/common/avr/suspend.o
 .debug_abbrev  0x0000000000005532      0x1ba .build/obj_alpha_dre_via/common/avr/timer.o
 .debug_abbrev  0x00000000000056ec      0x26c .build/obj_alpha_dre_via/common/avr/bootloader.o
 .debug_abbrev  0x0000000000005958       0x9d .build/obj_alpha_dre_via/common/avr/printf.o
 .debug_abbrev  0x00000000000059f5      0x247 .build/obj_alpha_dre_via/common/bootmagic_lite.o
 .debug_abbrev  0x0000000000005c3c      0x1b4 .build/obj_alpha_dre_via/common/magic.o
 .debug_abbrev  0x0000000000005df0      0x647 .build/obj_alpha_dre_via/lufa.o
 .debug_abbrev  0x0000000000006437      0x207 .build/obj_alpha_dre_via/usb_descriptor.o
 .debug_abbrev  0x000000000000663e       0xcb .build/obj_alpha_dre_via/lib/lufa/LUFA/Drivers/USB/Core/AVR8/Device_AVR8.o
 .debug_abbrev  0x0000000000006709      0x23b .build/obj_alpha_dre_via/lib/lufa/LUFA/Drivers/USB/Core/AVR8/EndpointStream_AVR8.o
 .debug_abbrev  0x0000000000006944      0x29d .build/obj_alpha_dre_via/lib/lufa/LUFA/Drivers/USB/Core/AVR8/Endpoint_AVR8.o
 .debug_abbrev  0x0000000000006be1      0x1f5 .build/obj_alpha_dre_via/lib/lufa/LUFA/Drivers/USB/Core/AVR8/USBController_AVR8.o